 WORLD        : PostFixedFrame
  PLATFORM     : Save data transaction to 'game/806FFA8093F22A71-REAPER-Kingmaker/playthrough000/savepoint378' started.
DEFAULT      : [PERSISTENCE] Save completed successfully.
PLATFORM     : Deleting save 'game/806FFA8093F22A71-REAPER-Kingmaker/playthrough000/savepoint368'.
WORLD        : UpdateEntities
 WORLD        : PostFixedFrame
  DEFAULT      : [PERSISTENCE] Save (AUTO) started.
WORLD        : UpdateEntities
 WORLD        : PostFixedFrame
  PLATFORM     : Save data transaction to 'game/806FFA8093F22A71-REAPER-Kingmaker/playthrough000/savepoint379' started.
DEFAULT      : [PERSISTENCE] Save completed successfully.
PLATFORM     : Deleting save 'game/806FFA8093F22A71-REAPER-Kingmaker/playthrough000/savepoint369'.
WORLD        : UpdateEntities
 WORLD        : PostFixedFrame
  DEFAULT      : [PERSISTENCE] Save (AUTO) started.
WORLD        : UpdateEntities
 WORLD        : PostFixedFrame
  PLATFORM     : Save data transaction to 'game/806FFA8093F22A71-REAPER-Kingmaker/playthrough000/savepoint380' started.
DEFAULT      : [PERSISTENCE] Save completed successfully.
PLATFORM     : Deleting save 'game/806FFA8093F22A71-REAPER-Kingmaker/playthrough000/savepoint370'.
WORLD        : UpdateEntities
 WORLD        : PostFixedFrame
  DEFAULT      : [PERSISTENCE] Save (AUTO) started.
WORLD        : UpdateEntities
 WORLD        : PostFixedFrame
  PLATFORM     : Save data transaction to 'game/806FFA8093F22A71-REAPER-Kingmaker/playthrough000/savepoint381' started.
DEFAULT      : [PERSISTENCE] Save completed successfully.
PLATFORM     : Deleting save 'game/806FFA8093F22A71-REAPER-Kingmaker/playthrough000/savepoint371'.
WORLD        : UpdateEntities
 WORLD        : PostFixedFrame
  DEFAULT      : [PERSISTENCE] Save (AUTO) started.
WORLD        : UpdateEntities
 WORLD        : PostFixedFrame
  PLATFORM     : Save data transaction to 'game/806FFA8093F22A71-REAPER-Kingmaker/playthrough000/savepoint382' started.
DEFAULT      : [PERSISTENCE] Save completed successfully.
PLATFORM     : Deleting save 'game/806FFA8093F22A71-REAPER-Kingmaker/playthrough000/savepoint372'.
WORLD        : UpdateEntities
 WORLD        : PostFixedFrame
  DEFAULT      : [PERSISTENCE] Save (AUTO) started.
WORLD        : UpdateEntities
 WORLD        : PostFixedFrame
  PLATFORM     : Save data transaction to 'game/806FFA8093F22A71-REAPER-Kingmaker/playthrough000/savepoint383' started.
DEFAULT      : [PERSISTENCE] Save completed successfully.
PLATFORM     : Deleting save 'game/806FFA8093F22A71-REAPER-Kingmaker/playthrough000/savepoint373'.
WORLD        : UpdateEntities
 WORLD        : PostFixedFrame
  DEFAULT      : [PERSISTENCE] Save (AUTO) started.
WORLD        : UpdateEntities
 WORLD        : PostFixedFrame
  PLATFORM     : Save data transaction to 'game/806FFA8093F22A71-REAPER-Kingmaker/playthrough000/savepoint384' started.
DEFAULT      : [PERSISTENCE] Save completed successfully.
PLATFORM     : Deleting save 'game/806FFA8093F22A71-REAPER-Kingmaker/playthrough000/savepoint374'.
WORLD        : UpdateEntities
 WORLD        : PostFixedFrame
  DEFAULT      : [PERSISTENCE] Save (AUTO) started.
WORLD        : UpdateEntities
 WORLD        : PostFixedFrame
  PLATFORM     : Save data transaction to 'game/806FFA8093F22A71-REAPER-Kingmaker/playthrough000/savepoint385' started.
DEFAULT      : [PERSISTENCE] Save completed successfully.
PLATFORM     : Deleting save 'game/806FFA8093F22A71-REAPER-Kingmaker/playthrough000/savepoint375'.
WORLD        : UpdateEntities
 WORLD        : PostFixedFrame
  DEFAULT      : [PERSISTENCE] Save (AUTO) started.
WORLD        : UpdateEntities
 WORLD        : PostFixedFrame
  PLATFORM     : Save data transaction to 'game/806FFA8093F22A71-REAPER-Kingmaker/playthrough000/savepoint386' started.
DEFAULT      : [PERSISTENCE] Save completed successfully.
PLATFORM     : Deleting save 'game/806FFA8093F22A71-REAPER-Kingmaker/playthrough000/savepoint376'.
WORLD        : UpdateEntities
 WORLD        : PostFixedFrame
  DEFAULT      : [PERSISTENCE] Save (AUTO) started.
WORLD        : UpdateEntities
 WORLD        : PostFixedFrame
  PLATFORM     : Save data transaction to 'game/806FFA8093F22A71-REAPER-Kingmaker/playthrough000/savepoint387' started.
DEFAULT      : [PERSISTENCE] Save completed successfully.
PLATFORM     : Deleting save 'game/806FFA8093F22A71-REAPER-Kingmaker/playthrough000/savepoint377'.
WORLD        : UpdateEntities
 WORLD        : PostFixedFrame
  DEFAULT      : [PERSISTENCE] Save (AUTO) started.
WORLD        : UpdateEntities
 WORLD        : PostFixedFrame
  PLATFORM     : Save data transaction to 'game/806FFA8093F22A71-REAPER-Kingmaker/playthrough000/savepoint388' started.
DEFAULT      : [PERSISTENCE] Save completed successfully.
PLATFORM     : Deleting save 'game/806FFA8093F22A71-REAPER-Kingmaker/playthrough000/savepoint378'.
WORLD        : UpdateEntities
 WORLD        : PostFixedFrame
  DEFAULT      : [PERSISTENCE] Save (AUTO) started.
WORLD        : UpdateEntities
 WORLD        : PostFixedFrame
  PLATFORM     : Save data transaction to 'game/806FFA8093F22A71-REAPER-Kingmaker/playthrough000/savepoint389' started.
DEFAULT      : [PERSISTENCE] Save completed successfully.
PLATFORM     : Deleting save 'game/806FFA8093F22A71-REAPER-Kingmaker/playthrough000/savepoint379'.
WORLD        : UpdateEntities
 WORLD        : PostFixedFrame
  DEFAULT      : [PERSISTENCE] Save (AUTO) started.
WORLD        : UpdateEntities
 WORLD        : PostFixedFrame
  PLATFORM     : Save data transaction to 'game/806FFA8093F22A71-REAPER-Kingmaker/playthrough000/savepoint390' started.
DEFAULT      : [PERSISTENCE] Save completed successfully.
PLATFORM     : Deleting save 'game/806FFA8093F22A71-REAPER-Kingmaker/playthrough000/savepoint380'.
WORLD        : UpdateEntities
 WORLD        : PostFixedFrame
  DEFAULT      : [PERSISTENCE] Save (AUTO) started.
WORLD        : UpdateEntities
 WORLD        : PostFixedFrame
  PLATFORM     : Save data transaction to 'game/806FFA8093F22A71-REAPER-Kingmaker/playthrough000/savepoint391' started.
DEFAULT      : [PERSISTENCE] Save completed successfully.
PLATFORM     : Deleting save 'game/806FFA8093F22A71-REAPER-Kingmaker/playthrough000/savepoint381'.
WORLD        : UpdateEntities
 WORLD        : PostFixedFrame
  DEFAULT      : [PERSISTENCE] Save (AUTO) started.
WORLD        : UpdateEntities
 WORLD        : PostFixedFrame
  PLATFORM     : Save data transaction to 'game/806FFA8093F22A71-REAPER-Kingmaker/playthrough000/savepoint392' started.
DEFAULT      : [PERSISTENCE] Save completed successfully.
PLATFORM     : Deleting save 'game/806FFA8093F22A71-REAPER-Kingmaker/playthrough000/savepoint382'.
WORLD        : UpdateEntities
 WORLD        : PostFixedFrame
  DEFAULT      : [PERSISTENCE] Save (AUTO) started.
WORLD        : UpdateEntities
 WORLD        : PostFixedFrame
  PLATFORM     : Save data transaction to 'game/806FFA8093F22A71-REAPER-Kingmaker/playthrough000/savepoint393' started.
DEFAULT      : [PERSISTENCE] Save completed successfully.
PLATFORM     : Deleting save 'game/806FFA8093F22A71-REAPER-Kingmaker/playthrough000/savepoint383'.
WORLD        : UpdateEntities
 WORLD        : PostFixedFrame
  DEFAULT      : [PERSISTENCE] Save (AUTO) started.
WORLD        : UpdateEntities
 WORLD        : PostFixedFrame
  PLATFORM     : Save data transaction to 'game/806FFA8093F22A71-REAPER-Kingmaker/playthrough000/savepoint394' started.
DEFAULT      : [PERSISTENCE] Save completed successfully.
PLATFORM     : Deleting save 'game/806FFA8093F22A71-REAPER-Kingmaker/playthrough000/savepoint384'.
WORLD        : UpdateEntities
 WORLD        : PostFixedFrame
  DEFAULT      : [PERSISTENCE] Save (AUTO) started.
WORLD        : UpdateEntities
 WORLD        : PostFixedFrame
  PLATFORM     : Save data transaction to 'game/806FFA8093F22A71-REAPER-Kingmaker/playthrough000/savepoint395' started.
DEFAULT      : [PERSISTENCE] Save completed successfully.
PLATFORM     : Deleting save 'game/806FFA8093F22A71-REAPER-Kingmaker/playthrough000/savepoint385'.
WORLD        : UpdateEntities
 WORLD        : PostFixedFrame
  DEFAULT      : [PERSISTENCE] Save (AUTO) started.
WORLD        : UpdateEntities
 WORLD        : PostFixedFrame
  PLATFORM     : Save data transaction to 'game/806FFA8093F22A71-REAPER-Kingmaker/playthrough000/savepoint396' started.
DEFAULT      : [PERSISTENCE] Save completed successfully.
PLATFORM     : Deleting save 'game/806FFA8093F22A71-REAPER-Kingmaker/playthrough000/savepoint386'.
WORLD        : UpdateEntities
 WORLD        : PostFixedFrame
  DEFAULT      : [PERSISTENCE] Save (AUTO) started.
WORLD        : UpdateEntities
 WORLD        : PostFixedFrame
  PLATFORM     : Save data transaction to 'game/806FFA8093F22A71-REAPER-Kingmaker/playthrough000/savepoint397' started.
DEFAULT      : [PERSISTENCE] Save completed successfully.
PLATFORM     : Deleting save 'game/806FFA8093F22A71-REAPER-Kingmaker/playthrough000/savepoint387'.
WORLD        : UpdateEntities
 WORLD        : PostFixedFrame
  DEFAULT      : [PERSISTENCE] Save (AUTO) started.
WORLD        : UpdateEntities
 WORLD        : PostFixedFrame
  PLATFORM     : Save data transaction to 'game/806FFA8093F22A71-REAPER-Kingmaker/playthrough000/savepoint398' started.
DEFAULT      : [PERSISTENCE] Save completed successfully.
PLATFORM     : Deleting save 'game/806FFA8093F22A71-REAPER-Kingmaker/playthrough000/savepoint388'.
WORLD        : UpdateEntities
 WORLD        : PostFixedFrame
  DEFAULT      : [PERSISTENCE] Save (AUTO) started.
WORLD        : UpdateEntities
 WORLD        : PostFixedFrame
  PLATFORM     : Save data transaction to 'game/806FFA8093F22A71-REAPER-Kingmaker/playthrough000/savepoint399' started.
DEFAULT      : [PERSISTENCE] Save completed successfully.
PLATFORM     : Deleting save 'game/806FFA8093F22A71-REAPER-Kingmaker/playthrough000/savepoint389'.
WORLD        : UpdateEntities
 WORLD        : PostFixedFrame
  DEFAULT      : [PERSISTENCE] Save (AUTO) started.
WORLD        : UpdateEntities
 WORLD        : PostFixedFrame
  PLATFORM     : Save data transaction to 'game/806FFA8093F22A71-REAPER-Kingmaker/playthrough000/savepoint400' started.
DEFAULT      : [PERSISTENCE] Save completed successfully.
PLATFORM     : Deleting save 'game/806FFA8093F22A71-REAPER-Kingmaker/playthrough000/savepoint390'.
WORLD        : UpdateEntities
 WORLD        : PostFixedFrame
  DEFAULT      : [PERSISTENCE] Save (AUTO) started.
WORLD        : UpdateEntities
 WORLD        : PostFixedFrame
  PLATFORM     : Save data transaction to 'game/806FFA8093F22A71-REAPER-Kingmaker/playthrough000/savepoint401' started.
DEFAULT      : [PERSISTENCE] Save completed successfully.
PLATFORM     : Deleting save 'game/806FFA8093F22A71-REAPER-Kingmaker/playthrough000/savepoint391'.
WORLD        : UpdateEntities
 WORLD        : PostFixedFrame
  DEFAULT      : [PERSISTENCE] Save (AUTO) started.
WORLD        : UpdateEntities
 WORLD        : PostFixedFrame
  PLATFORM     : Save data transaction to 'game/806FFA8093F22A71-REAPER-Kingmaker/playthrough000/savepoint402' started.
DEFAULT      : [PERSISTENCE] Save completed successfully.
PLATFORM     : Deleting save 'game/806FFA8093F22A71-REAPER-Kingmaker/playthrough000/savepoint392'.
WORLD        : UpdateEntities
 WORLD        : PostFixedFrame
  DEFAULT      : [PERSISTENCE] Save (AUTO) started.
WORLD        : UpdateEntities
 WORLD        : PostFixedFrame
  PLATFORM     : Save data transaction to 'game/806FFA8093F22A71-REAPER-Kingmaker/playthrough000/savepoint403' started.
DEFAULT      : [PERSISTENCE] Save completed successfully.
PLATFORM     : Deleting save 'game/806FFA8093F22A71-REAPER-Kingmaker/playthrough000/savepoint393'.
WORLD        : UpdateEntities
 WORLD        : PostFixedFrame
  DEFAULT      : [PERSISTENCE] Save (AUTO) started.
WORLD        : UpdateEntities
 WORLD        : PostFixedFrame
  PLATFORM     : Save data transaction to 'game/806FFA8093F22A71-REAPER-Kingmaker/playthrough000/savepoint404' started.
DEFAULT      : [PERSISTENCE] Save completed successfully.
PLATFORM     : Deleting save 'game/806FFA8093F22A71-REAPER-Kingmaker/playthrough000/savepoint394'.
WORLD        : UpdateEntities
 WORLD        : PostFixedFrame
  DEFAULT      : [PERSISTENCE] Save (AUTO) started.
WORLD        : UpdateEntities
 WORLD        : PostFixedFrame
  PLATFORM     : Save data transaction to 'game/806FFA8093F22A71-REAPER-Kingmaker/playthrough000/savepoint405' started.
DEFAULT      : [PERSISTENCE] Save completed successfully.
PLATFORM     : Deleting save 'game/806FFA8093F22A71-REAPER-Kingmaker/playthrough000/savepoint395'.
WORLD        : UpdateEntities
 WORLD        : PostFixedFrame
  DEFAULT      : [PERSISTENCE] Save (AUTO) started.
WORLD        : UpdateEntities
 WORLD        : PostFixedFrame
  PLATFORM     : Save data transaction to 'game/806FFA8093F22A71-REAPER-Kingmaker/playthrough000/savepoint406' started.
DEFAULT      : [PERSISTENCE] Save completed successfully.
PLATFORM     : Deleting save 'game/806FFA8093F22A71-REAPER-Kingmaker/playthrough000/savepoint396'.
WORLD        : UpdateEntities
 WORLD        : PostFixedFrame
  DEFAULT      : [PERSISTENCE] Save (AUTO) started.
WORLD        : UpdateEntities
 WORLD        : PostFixedFrame
  PLATFORM     : Save data transaction to 'game/806FFA8093F22A71-REAPER-Kingmaker/playthrough000/savepoint407' started.
DEFAULT      : [PERSISTENCE] Save completed successfully.
PLATFORM     : Deleting save 'game/806FFA8093F22A71-REAPER-Kingmaker/playthrough000/savepoint397'.
WORLD        : UpdateEntities
 WORLD        : PostFixedFrame
  DEFAULT      : [PERSISTENCE] Save (AUTO) started.
WORLD        : UpdateEntities
 WORLD        : PostFixedFrame
  PLATFORM     : Save data transaction to 'game/806FFA8093F22A71-REAPER-Kingmaker/playthrough000/savepoint408' started.
DEFAULT      : [PERSISTENCE] Save completed successfully.
PLATFORM     : Deleting save 'game/806FFA8093F22A71-REAPER-Kingmaker/playthrough000/savepoint398'.
WORLD        : UpdateEntities
 WORLD        : PostFixedFrame
  DEFAULT      : [PERSISTENCE] Save (AUTO) started.
WORLD        : UpdateEntities
 WORLD        : PostFixedFrame
  PLATFORM     : Save data transaction to 'game/806FFA8093F22A71-REAPER-Kingmaker/playthrough000/savepoint409' started.
DEFAULT      : [PERSISTENCE] Save completed successfully.
PLATFORM     : Deleting save 'game/806FFA8093F22A71-REAPER-Kingmaker/playthrough000/savepoint399'.
WORLD        : UpdateEntities
 WORLD        : PostFixedFrame
  DEFAULT      : [PERSISTENCE] Save (AUTO) started.
WORLD        : UpdateEntities
 WORLD        : PostFixedFrame
  PLATFORM     : Save data transaction to 'game/806FFA8093F22A71-REAPER-Kingmaker/playthrough000/savepoint410' started.
DEFAULT      : [PERSISTENCE] Save completed successfully.
PLATFORM     : Deleting save 'game/806FFA8093F22A71-REAPER-Kingmaker/playthrough000/savepoint400'.
WORLD        : UpdateEntities
 WORLD        : PostFixedFrame
  DEFAULT      : [PERSISTENCE] Save (AUTO) started.
WORLD        : UpdateEntities
 WORLD        : PostFixedFrame
  PLATFORM     : Save data transaction to 'game/806FFA8093F22A71-REAPER-Kingmaker/playthrough000/savepoint411' started.
DEFAULT      : [PERSISTENCE] Save completed successfully.
PLATFORM     : Deleting save 'game/806FFA8093F22A71-REAPER-Kingmaker/playthrough000/savepoint401'.
WORLD        : UpdateEntities
 WORLD        : PostFixedFrame
  DEFAULT      : [PERSISTENCE] Save (AUTO) started.
WORLD        : UpdateEntities
 WORLD        : PostFixedFrame
  PLATFORM     : Save data transaction to 'game/806FFA8093F22A71-REAPER-Kingmaker/playthrough000/savepoint412' started.
DEFAULT      : [PERSISTENCE] Save completed successfully.
PLATFORM     : Deleting save 'game/806FFA8093F22A71-REAPER-Kingmaker/playthrough000/savepoint402'.
WORLD        : UpdateEntities
 WORLD        : PostFixedFrame
  DEFAULT      : [PERSISTENCE] Save (AUTO) started.
WORLD        : UpdateEntities
 WORLD        : PostFixedFrame
  PLATFORM     : Save data transaction to 'game/806FFA8093F22A71-REAPER-Kingmaker/playthrough000/savepoint413' started.
DEFAULT      : [PERSISTENCE] Save completed successfully.
PLATFORM     : Deleting save 'game/806FFA8093F22A71-REAPER-Kingmaker/playthrough000/savepoint403'.
WORLD        : UpdateEntities
 WORLD        : PostFixedFrame
  DEFAULT      : [PERSISTENCE] Save (AUTO) started.
WORLD        : UpdateEntities
 WORLD        : PostFixedFrame
  PLATFORM     : Save data transaction to 'game/806FFA8093F22A71-REAPER-Kingmaker/playthrough000/savepoint414' started.
DEFAULT      : [PERSISTENCE] Save completed successfully.
PLATFORM     : Deleting save 'game/806FFA8093F22A71-REAPER-Kingmaker/playthrough000/savepoint404'.
WORLD        : UpdateEntities
 WORLD        : PostFixedFrame
  DEFAULT      : [PERSISTENCE] Save (AUTO) started.
WORLD        : UpdateEntities
 WORLD        : PostFixedFrame
  PLATFORM     : Save data transaction to 'game/806FFA8093F22A71-REAPER-Kingmaker/playthrough000/savepoint415' started.
DEFAULT      : [PERSISTENCE] Save completed successfully.
PLATFORM     : Deleting save 'game/806FFA8093F22A71-REAPER-Kingmaker/playthrough000/savepoint405'.
WORLD        : UpdateEntities
 WORLD        : PostFixedFrame
  DEFAULT      : [PERSISTENCE] Save (AUTO) started.
WORLD        : UpdateEntities
 WORLD        : PostFixedFrame
  PLATFORM     : Save data transaction to 'game/806FFA8093F22A71-REAPER-Kingmaker/playthrough000/savepoint416' started.
DEFAULT      : [PERSISTENCE] Save completed successfully.
PLATFORM     : Deleting save 'game/806FFA8093F22A71-REAPER-Kingmaker/playthrough000/savepoint406'.
WORLD        : UpdateEntities
 WORLD        : PostFixedFrame
  DEFAULT      : [PERSISTENCE] Save (AUTO) started.
WORLD        : UpdateEntities
 WORLD        : PostFixedFrame
  PLATFORM     : Save data transaction to 'game/806FFA8093F22A71-REAPER-Kingmaker/playthrough000/savepoint417' started.
DEFAULT      : [PERSISTENCE] Save completed successfully.
PLATFORM     : Deleting save 'game/806FFA8093F22A71-REAPER-Kingmaker/playthrough000/savepoint407'.
WORLD        : UpdateEntities
 WORLD        : PostFixedFrame
  DEFAULT      : [PERSISTENCE] Save (AUTO) started.
WORLD        : UpdateEntities
 WORLD        : PostFixedFrame
  PLATFORM     : Save data transaction to 'game/806FFA8093F22A71-REAPER-Kingmaker/playthrough000/savepoint418' started.
DEFAULT      : [PERSISTENCE] Save completed successfully.
PLATFORM     : Deleting save 'game/806FFA8093F22A71-REAPER-Kingmaker/playthrough000/savepoint408'.
WORLD        : UpdateEntities
 WORLD        : PostFixedFrame
  DEFAULT      : [PERSISTENCE] Save (AUTO) started.
WORLD        : UpdateEntities
 WORLD        : PostFixedFrame
  PLATFORM     : Save data transaction to 'game/806FFA8093F22A71-REAPER-Kingmaker/playthrough000/savepoint419' started.
DEFAULT      : [PERSISTENCE] Save completed successfully.
PLATFORM     : Deleting save 'game/806FFA8093F22A71-REAPER-Kingmaker/playthrough000/savepoint409'.
WORLD        : UpdateEntities
 WORLD        : PostFixedFrame
  DEFAULT      : [PERSISTENCE] Save (AUTO) started.
WORLD        : UpdateEntities
 WORLD        : PostFixedFrame
  PLATFORM     : Save data transaction to 'game/806FFA8093F22A71-REAPER-Kingmaker/playthrough000/savepoint420' started.
DEFAULT      : [PERSISTENCE] Save completed successfully.
PLATFORM     : Deleting save 'game/806FFA8093F22A71-REAPER-Kingmaker/playthrough000/savepoint410'.
WORLD        : UpdateEntities
 WORLD        : PostFixedFrame
  DEFAULT      : [PERSISTENCE] Save (AUTO) started.
WORLD        : UpdateEntities
 WORLD        : PostFixedFrame
  PLATFORM     : Save data transaction to 'game/806FFA8093F22A71-REAPER-Kingmaker/playthrough000/savepoint421' started.
DEFAULT      : [PERSISTENCE] Save completed successfully.
PLATFORM     : Deleting save 'game/806FFA8093F22A71-REAPER-Kingmaker/playthrough000/savepoint411'.
WORLD        : UpdateEntities
 WORLD        : PostFixedFrame
  DEFAULT      : [PERSISTENCE] Save (AUTO) started.
WORLD        : UpdateEntities
 WORLD        : PostFixedFrame
  PLATFORM     : Save data transaction to 'game/806FFA8093F22A71-REAPER-Kingmaker/playthrough000/savepoint422' started.
DEFAULT      : [PERSISTENCE] Save completed successfully.
PLATFORM     : Deleting save 'game/806FFA8093F22A71-REAPER-Kingmaker/playthrough000/savepoint412'.
WORLD        : UpdateEntities
 WORLD        : PostFixedFrame
  DEFAULT      : [PERSISTENCE] Save (AUTO) started.
WORLD        : UpdateEntities
 WORLD        : PostFixedFrame
  PLATFORM     : Save data transaction to 'game/806FFA8093F22A71-REAPER-Kingmaker/playthrough000/savepoint423' started.
DEFAULT      : [PERSISTENCE] Save completed successfully.
PLATFORM     : Deleting save 'game/806FFA8093F22A71-REAPER-Kingmaker/playthrough000/savepoint413'.
WORLD        : UpdateEntities
 WORLD        : PostFixedFrame
  DEFAULT      : [PERSISTENCE] Save (AUTO) started.
WORLD        : UpdateEntities
 WORLD        : PostFixedFrame
  PLATFORM     : Save data transaction to 'game/806FFA8093F22A71-REAPER-Kingmaker/playthrough000/savepoint424' started.
DEFAULT      : [PERSISTENCE] Save completed successfully.
PLATFORM     : Deleting save 'game/806FFA8093F22A71-REAPER-Kingmaker/playthrough000/savepoint414'.
WORLD        : UpdateEntities
 WORLD        : PostFixedFrame
  DEFAULT      : [PERSISTENCE] Save (AUTO) started.
WORLD        : UpdateEntities
 WORLD        : PostFixedFrame
  PLATFORM     : Save data transaction to 'game/806FFA8093F22A71-REAPER-Kingmaker/playthrough000/savepoint425' started.
DEFAULT      : [PERSISTENCE] Save completed successfully.
PLATFORM     : Deleting save 'game/806FFA8093F22A71-REAPER-Kingmaker/playthrough000/savepoint415'.
WORLD        : UpdateEntities
 WORLD        : PostFixedFrame
  DEFAULT      : [PERSISTENCE] Save (AUTO) started.
WORLD        : UpdateEntities
 WORLD        : PostFixedFrame
  PLATFORM     : Save data transaction to 'game/806FFA8093F22A71-REAPER-Kingmaker/playthrough000/savepoint426' started.
DEFAULT      : [PERSISTENCE] Save completed successfully.
PLATFORM     : Deleting save 'game/806FFA8093F22A71-REAPER-Kingmaker/playthrough000/savepoint416'.
WORLD        : UpdateEntities
 WORLD        : PostFixedFrame
  DEFAULT      : [PERSISTENCE] Save (AUTO) started.
WORLD        : UpdateEntities
 WORLD        : PostFixedFrame
  PLATFORM     : Save data transaction to 'game/806FFA8093F22A71-REAPER-Kingmaker/playthrough000/savepoint427' started.
DEFAULT      : [PERSISTENCE] Save completed successfully.
PLATFORM     : Deleting save 'game/806FFA8093F22A71-REAPER-Kingmaker/playthrough000/savepoint417'.
WORLD        : UpdateEntities
 WORLD        : PostFixedFrame
  DEFAULT      : [PERSISTENCE] Save (AUTO) started.
WORLD        : UpdateEntities
 WORLD        : PostFixedFrame
  PLATFORM     : Save data transaction to 'game/806FFA8093F22A71-REAPER-Kingmaker/playthrough000/savepoint428' started.
DEFAULT      : [PERSISTENCE] Save completed successfully.
PLATFORM     : Deleting save 'game/806FFA8093F22A71-REAPER-Kingmaker/playthrough000/savepoint418'.
WORLD        : UpdateEntities
 WORLD        : PostFixedFrame
  DEFAULT      : [PERSISTENCE] Save (AUTO) started.
WORLD        : UpdateEntities
 WORLD        : PostFixedFrame
  PLATFORM     : Save data transaction to 'game/806FFA8093F22A71-REAPER-Kingmaker/playthrough000/savepoint429' started.
DEFAULT      : [PERSISTENCE] Save completed successfully.
PLATFORM     : Deleting save 'game/806FFA8093F22A71-REAPER-Kingmaker/playthrough000/savepoint419'.
WORLD        : UpdateEntities
 WORLD        : PostFixedFrame
  DEFAULT      : [PERSISTENCE] Save (AUTO) started.
WORLD        : UpdateEntities
 WORLD        : PostFixedFrame
  PLATFORM     : Save data transaction to 'game/806FFA8093F22A71-REAPER-Kingmaker/playthrough000/savepoint430' started.
DEFAULT      : [PERSISTENCE] Save completed successfully.
PLATFORM     : Deleting save 'game/806FFA8093F22A71-REAPER-Kingmaker/playthrough000/savepoint420'.
WORLD        : UpdateEntities
 WORLD        : PostFixedFrame
  DEFAULT      : [PERSISTENCE] Save (AUTO) started.
WORLD        : UpdateEntities
 WORLD        : PostFixedFrame
  PLATFORM     : Save data transaction to 'game/806FFA8093F22A71-REAPER-Kingmaker/playthrough000/savepoint431' started.
DEFAULT      : [PERSISTENCE] Save completed successfully.
PLATFORM     : Deleting save 'game/806FFA8093F22A71-REAPER-Kingmaker/playthrough000/savepoint421'.
WORLD        : UpdateEntities
 WORLD        : PostFixedFrame
  DEFAULT      : [PERSISTENCE] Save (AUTO) started.
WORLD        : UpdateEntities
 WORLD        : PostFixedFrame
  PLATFORM     : Save data transaction to 'game/806FFA8093F22A71-REAPER-Kingmaker/playthrough000/savepoint432' started.
DEFAULT      : [PERSISTENCE] Save completed successfully.
PLATFORM     : Deleting save 'game/806FFA8093F22A71-REAPER-Kingmaker/playthrough000/savepoint422'.
WORLD        : UpdateEntities
 WORLD        : PostFixedFrame
  DEFAULT      : [PERSISTENCE] Save (AUTO) started.
WORLD        : UpdateEntities
 WORLD        : PostFixedFrame
  PLATFORM     : Save data transaction to 'game/806FFA8093F22A71-REAPER-Kingmaker/playthrough000/savepoint433' started.
DEFAULT      : [PERSISTENCE] Save completed successfully.
PLATFORM     : Deleting save 'game/806FFA8093F22A71-REAPER-Kingmaker/playthrough000/savepoint423'.
WORLD        : UpdateEntities
 WORLD        : PostFixedFrame
  DEFAULT      : [PERSISTENCE] Save (AUTO) started.
WORLD        : UpdateEntities
 WORLD        : PostFixedFrame
  PLATFORM     : Save data transaction to 'game/806FFA8093F22A71-REAPER-Kingmaker/playthrough000/savepoint434' started.
DEFAULT      : [PERSISTENCE] Save completed successfully.
PLATFORM     : Deleting save 'game/806FFA8093F22A71-REAPER-Kingmaker/playthrough000/savepoint424'.
WORLD        : UpdateEntities
 WORLD        : PostFixedFrame
  DEFAULT      : [PERSISTENCE] Save (AUTO) started.
WORLD        : UpdateEntities
 WORLD        : PostFixedFrame
  PLATFORM     : Save data transaction to 'game/806FFA8093F22A71-REAPER-Kingmaker/playthrough000/savepoint435' started.
DEFAULT      : [PERSISTENCE] Save completed successfully.
PLATFORM     : Deleting save 'game/806FFA8093F22A71-REAPER-Kingmaker/playthrough000/savepoint425'.
WORLD        : UpdateEntities
 WORLD        : PostFixedFrame
  DEFAULT      : [PERSISTENCE] Save (AUTO) started.
WORLD        : UpdateEntities
 WORLD        : PostFixedFrame
  PLATFORM     : Save data transaction to 'game/806FFA8093F22A71-REAPER-Kingmaker/playthrough000/savepoint436' started.
DEFAULT      : [PERSISTENCE] Save completed successfully.
PLATFORM     : Deleting save 'game/806FFA8093F22A71-REAPER-Kingmaker/playthrough000/savepoint426'.
WORLD        : UpdateEntities
 WORLD        : PostFixedFrame
  DEFAULT      : [PERSISTENCE] Save (AUTO) started.
WORLD        : UpdateEntities
 WORLD        : PostFixedFrame
  PLATFORM     : Save data transaction to 'game/806FFA8093F22A71-REAPER-Kingmaker/playthrough000/savepoint437' started.
DEFAULT      : [PERSISTENCE] Save completed successfully.
PLATFORM     : Deleting save 'game/806FFA8093F22A71-REAPER-Kingmaker/playthrough000/savepoint427'.
WORLD        : UpdateEntities
 WORLD        : PostFixedFrame
  DEFAULT      : [PERSISTENCE] Save (AUTO) started.
WORLD        : UpdateEntities
 WORLD        : PostFixedFrame
  PLATFORM     : Save data transaction to 'game/806FFA8093F22A71-REAPER-Kingmaker/playthrough000/savepoint438' started.
DEFAULT      : [PERSISTENCE] Save completed successfully.
PLATFORM     : Deleting save 'game/806FFA8093F22A71-REAPER-Kingmaker/playthrough000/savepoint428'.
WORLD        : UpdateEntities
 WORLD        : PostFixedFrame
  DEFAULT      : [PERSISTENCE] Save (AUTO) started.
WORLD        : UpdateEntities
 WORLD        : PostFixedFrame
  PLATFORM     : Save data transaction to 'game/806FFA8093F22A71-REAPER-Kingmaker/playthrough000/savepoint439' started.
DEFAULT      : [PERSISTENCE] Save completed successfully.
PLATFORM     : Deleting save 'game/806FFA8093F22A71-REAPER-Kingmaker/playthrough000/savepoint429'.
WORLD        : UpdateEntities
 WORLD        : PostFixedFrame
  DEFAULT      : [PERSISTENCE] Save (AUTO) started.
WORLD        : UpdateEntities
 WORLD        : PostFixedFrame
  PLATFORM     : Save data transaction to 'game/806FFA8093F22A71-REAPER-Kingmaker/playthrough000/savepoint440' started.
DEFAULT      : [PERSISTENCE] Save completed successfully.
PLATFORM     : Deleting save 'game/806FFA8093F22A71-REAPER-Kingmaker/playthrough000/savepoint430'.
WORLD        : UpdateEntities
 WORLD        : PostFixedFrame
  DEFAULT      : [PERSISTENCE] Save (AUTO) started.
WORLD        : UpdateEntities
 WORLD        : PostFixedFrame
  PLATFORM     : Save data transaction to 'game/806FFA8093F22A71-REAPER-Kingmaker/playthrough000/savepoint441' started.
DEFAULT      : [PERSISTENCE] Save completed successfully.
PLATFORM     : Deleting save 'game/806FFA8093F22A71-REAPER-Kingmaker/playthrough000/savepoint431'.
WORLD        : UpdateEntities
 WORLD        : PostFixedFrame
  DEFAULT      : [PERSISTENCE] Save (AUTO) started.
WORLD        : UpdateEntities
 WORLD        : PostFixedFrame
  PLATFORM     : Save data transaction to 'game/806FFA8093F22A71-REAPER-Kingmaker/playthrough000/savepoint442' started.
DEFAULT      : [PERSISTENCE] Save completed successfully.
PLATFORM     : Deleting save 'game/806FFA8093F22A71-REAPER-Kingmaker/playthrough000/savepoint432'.
WORLD        : UpdateEntities
 WORLD        : PostFixedFrame
  DEFAULT      : [PERSISTENCE] Save (AUTO) started.
WORLD        : UpdateEntities
 WORLD        : PostFixedFrame
  PLATFORM     : Save data transaction to 'game/806FFA8093F22A71-REAPER-Kingmaker/playthrough000/savepoint443' started.
DEFAULT      : [PERSISTENCE] Save completed successfully.
PLATFORM     : Deleting save 'game/806FFA8093F22A71-REAPER-Kingmaker/playthrough000/savepoint433'.
WORLD        : UpdateEntities
 WORLD        : PostFixedFrame
  DEFAULT      : [PERSISTENCE] Save (AUTO) started.
WORLD        : UpdateEntities
 WORLD        : PostFixedFrame
  PLATFORM     : Save data transaction to 'game/806FFA8093F22A71-REAPER-Kingmaker/playthrough000/savepoint444' started.
DEFAULT      : [PERSISTENCE] Save completed successfully.
PLATFORM     : Deleting save 'game/806FFA8093F22A71-REAPER-Kingmaker/playthrough000/savepoint434'.
WORLD        : UpdateEntities
 WORLD        : PostFixedFrame
  DEFAULT      : [PERSISTENCE] Save (AUTO) started.
WORLD        : UpdateEntities
 WORLD        : PostFixedFrame
  PLATFORM     : Save data transaction to 'game/806FFA8093F22A71-REAPER-Kingmaker/playthrough000/savepoint445' started.
DEFAULT      : [PERSISTENCE] Save completed successfully.
PLATFORM     : Deleting save 'game/806FFA8093F22A71-REAPER-Kingmaker/playthrough000/savepoint435'.
WORLD        : UpdateEntities
 WORLD        : PostFixedFrame
  DEFAULT      : [PERSISTENCE] Save (AUTO) started.
WORLD        : UpdateEntities
 WORLD        : PostFixedFrame
  PLATFORM     : Save data transaction to 'game/806FFA8093F22A71-REAPER-Kingmaker/playthrough000/savepoint446' started.
DEFAULT      : [PERSISTENCE] Save completed successfully.
PLATFORM     : Deleting save 'game/806FFA8093F22A71-REAPER-Kingmaker/playthrough000/savepoint436'.
WORLD        : UpdateEntities
 WORLD        : PostFixedFrame
  DEFAULT      : [PERSISTENCE] Save (AUTO) started.
WORLD        : UpdateEntities
 WORLD        : PostFixedFrame
  PLATFORM     : Save data transaction to 'game/806FFA8093F22A71-REAPER-Kingmaker/playthrough000/savepoint447' started.
DEFAULT      : [PERSISTENCE] Save completed successfully.
PLATFORM     : Deleting save 'game/806FFA8093F22A71-REAPER-Kingmaker/playthrough000/savepoint437'.
WORLD        : UpdateEntities
 WORLD        : PostFixedFrame
  DEFAULT      : [PERSISTENCE] Save (AUTO) started.
WORLD        : UpdateEntities
 WORLD        : PostFixedFrame
  PLATFORM     : Save data transaction to 'game/806FFA8093F22A71-REAPER-Kingmaker/playthrough000/savepoint448' started.
DEFAULT      : [PERSISTENCE] Save completed successfully.
PLATFORM     : Deleting save 'game/806FFA8093F22A71-REAPER-Kingmaker/playthrough000/savepoint438'.
WORLD        : UpdateEntities
 WORLD        : PostFixedFrame
  DEFAULT      : [PERSISTENCE] Save (AUTO) started.
WORLD        : UpdateEntities
 WORLD        : PostFixedFrame
  PLATFORM     : Save data transaction to 'game/806FFA8093F22A71-REAPER-Kingmaker/playthrough000/savepoint449' started.
DEFAULT      : [PERSISTENCE] Save completed successfully.
PLATFORM     : Deleting save 'game/806FFA8093F22A71-REAPER-Kingmaker/playthrough000/savepoint439'.
WORLD        : UpdateEntities
 WORLD        : PostFixedFrame
  DEFAULT      : [PERSISTENCE] Save (AUTO) started.
WORLD        : UpdateEntities
 WORLD        : PostFixedFrame
  PLATFORM     : Save data transaction to 'game/806FFA8093F22A71-REAPER-Kingmaker/playthrough000/savepoint450' started.
DEFAULT      : [PERSISTENCE] Save completed successfully.
PLATFORM     : Deleting save 'game/806FFA8093F22A71-REAPER-Kingmaker/playthrough000/savepoint440'.
WORLD        : UpdateEntities
 WORLD        : PostFixedFrame
  DEFAULT      : [PERSISTENCE] Save (AUTO) started.
WORLD        : UpdateEntities
 WORLD        : PostFixedFrame
  PLATFORM     : Save data transaction to 'game/806FFA8093F22A71-REAPER-Kingmaker/playthrough000/savepoint451' started.
DEFAULT      : [PERSISTENCE] Save completed successfully.
PLATFORM     : Deleting save 'game/806FFA8093F22A71-REAPER-Kingmaker/playthrough000/savepoint441'.
WORLD        : UpdateEntities
 WORLD        : PostFixedFrame
  DEFAULT      : [PERSISTENCE] Save (AUTO) started.
WORLD        : UpdateEntities
 WORLD        : PostFixedFrame
  PLATFORM     : Save data transaction to 'game/806FFA8093F22A71-REAPER-Kingmaker/playthrough000/savepoint452' started.
DEFAULT      : [PERSISTENCE] Save completed successfully.
PLATFORM     : Deleting save 'game/806FFA8093F22A71-REAPER-Kingmaker/playthrough000/savepoint442'.
WORLD        : UpdateEntities
 WORLD        : PostFixedFrame
  DEFAULT      : [PERSISTENCE] Save (AUTO) started.
WORLD        : UpdateEntities
 WORLD        : PostFixedFrame
  PLATFORM     : Save data transaction to 'game/806FFA8093F22A71-REAPER-Kingmaker/playthrough000/savepoint453' started.
DEFAULT      : [PERSISTENCE] Save completed successfully.
PLATFORM     : Deleting save 'game/806FFA8093F22A71-REAPER-Kingmaker/playthrough000/savepoint443'.
WORLD        : UpdateEntities
 WORLD        : PostFixedFrame
  DEFAULT      : [PERSISTENCE] Save (AUTO) started.
WORLD        : UpdateEntities
 WORLD        : PostFixedFrame
  PLATFORM     : Save data transaction to 'game/806FFA8093F22A71-REAPER-Kingmaker/playthrough000/savepoint454' started.
DEFAULT      : [PERSISTENCE] Save completed successfully.
PLATFORM     : Deleting save 'game/806FFA8093F22A71-REAPER-Kingmaker/playthrough000/savepoint444'.
WORLD        : UpdateEntities
 WORLD        : PostFixedFrame
  DEFAULT      : [PERSISTENCE] Save (AUTO) started.
WORLD        : UpdateEntities
 WORLD        : PostFixedFrame
  PLATFORM     : Save data transaction to 'game/806FFA8093F22A71-REAPER-Kingmaker/playthrough000/savepoint455' started.
DEFAULT      : [PERSISTENCE] Save completed successfully.
PLATFORM     : Deleting save 'game/806FFA8093F22A71-REAPER-Kingmaker/playthrough000/savepoint445'.
WORLD        : UpdateEntities
 WORLD        : PostFixedFrame
  DEFAULT      : [PERSISTENCE] Save (AUTO) started.
WORLD        : UpdateEntities
 WORLD        : PostFixedFrame
  PLATFORM     : Save data transaction to 'game/806FFA8093F22A71-REAPER-Kingmaker/playthrough000/savepoint456' started.
DEFAULT      : [PERSISTENCE] Save completed successfully.
PLATFORM     : Deleting save 'game/806FFA8093F22A71-REAPER-Kingmaker/playthrough000/savepoint446'.
WORLD        : UpdateEntities
 WORLD        : PostFixedFrame
  DEFAULT      : [PERSISTENCE] Save (AUTO) started.
WORLD        : UpdateEntities
 WORLD        : PostFixedFrame
  PLATFORM     : Save data transaction to 'game/806FFA8093F22A71-REAPER-Kingmaker/playthrough000/savepoint457' started.
DEFAULT      : [PERSISTENCE] Save completed successfully.
PLATFORM     : Deleting save 'game/806FFA8093F22A71-REAPER-Kingmaker/playthrough000/savepoint447'.
WORLD        : UpdateEntities
 WORLD        : PostFixedFrame
  DEFAULT      : [PERSISTENCE] Save (AUTO) started.
WORLD        : UpdateEntities
 WORLD        : PostFixedFrame
  PLATFORM     : Save data transaction to 'game/806FFA8093F22A71-REAPER-Kingmaker/playthrough000/savepoint458' started.
DEFAULT      : [PERSISTENCE] Save completed successfully.
PLATFORM     : Deleting save 'game/806FFA8093F22A71-REAPER-Kingmaker/playthrough000/savepoint448'.
WORLD        : UpdateEntities
 WORLD        : PostFixedFrame
  DEFAULT      : [PERSISTENCE] Save (AUTO) started.
WORLD        : UpdateEntities
 WORLD        : PostFixedFrame
  PLATFORM     : Save data transaction to 'game/806FFA8093F22A71-REAPER-Kingmaker/playthrough000/savepoint459' started.
DEFAULT      : [PERSISTENCE] Save completed successfully.
PLATFORM     : Deleting save 'game/806FFA8093F22A71-REAPER-Kingmaker/playthrough000/savepoint449'.
WORLD        : UpdateEntities
 WORLD        : PostFixedFrame
  DEFAULT      : [PERSISTENCE] Save (AUTO) started.
WORLD        : UpdateEntities
 WORLD        : PostFixedFrame
  PLATFORM     : Save data transaction to 'game/806FFA8093F22A71-REAPER-Kingmaker/playthrough000/savepoint460' started.
DEFAULT      : [PERSISTENCE] Save completed successfully.
PLATFORM     : Deleting save 'game/806FFA8093F22A71-REAPER-Kingmaker/playthrough000/savepoint450'.
WORLD        : UpdateEntities
 WORLD        : PostFixedFrame
  DEFAULT      : [PERSISTENCE] Save (AUTO) started.
WORLD        : UpdateEntities
 WORLD        : PostFixedFrame
  PLATFORM     : Save data trSCRIPT    (E): ScenarioFramework Action: Issue with Getter detected for Action SCR_ScenarioFrameworkActionChangeTaskState<0x00007F021C8198D0>.
RESOURCES (E): ==== Resource leaks ====
RESOURCES (E): ui/fonts/robotomono_msdf_28.edds   1
ansaction to 'game/806FFA8093F22A71-REAPER-Kingmaker/playthrough000/savepoint461' started.
DEFAULT      : [PERSISTENCE] Save completed successfully.
PLATFORM     : Deleting save 'game/806FFA8093F22A71-REAPER-Kingmaker/playthrough000/savepoint451'.
WORLD        : UpdateEntities
 WORLD        : PostFixedFrame
  DEFAULT      : [PERSISTENCE] Save (AUTO) started.
WORLD        : UpdateEntities
 WORLD        : PostFixedFrame
  PLATFORM     : Save data transaction to 'game/806FFA8093F22A71-REAPER-Kingmaker/playthrough000/savepoint462' started.
DEFAULT      : [PERSISTENCE] Save completed successfully.
PLATFORM     : Deleting save 'game/806FFA8093F22A71-REAPER-Kingmaker/playthrough000/savepoint452'.
WORLD        : UpdateEntities
 WORLD        : PostFixedFrame
  DEFAULT      : [PERSISTENCE] Save (AUTO) started.
WORLD        : UpdateEntities
 WORLD        : PostFixedFrame
  PLATFORM     : Save data transaction to 'game/806FFA8093F22A71-REAPER-Kingmaker/playthrough000/savepoint463' started.
DEFAULT      : [PERSISTENCE] Save completed successfully.
PLATFORM     : Deleting save 'game/806FFA8093F22A71-REAPER-Kingmaker/playthrough000/savepoint453'.
WORLD        : UpdateEntities
 WORLD        : PostFixedFrame
  DEFAULT      : [PERSISTENCE] Save (AUTO) started.
WORLD        : UpdateEntities
 WORLD        : PostFixedFrame
  PLATFORM     : Save data transaction to 'game/806FFA8093F22A71-REAPER-Kingmaker/playthrough000/savepoint464' started.
DEFAULT      : [PERSISTENCE] Save completed successfully.
PLATFORM     : Deleting save 'game/806FFA8093F22A71-REAPER-Kingmaker/playthrough000/savepoint454'.
DEFAULT      : [PERSISTENCE] Save (SHUTDOWN) started.
PLATFORM     : Save data transaction to 'game/806FFA8093F22A71-REAPER-Kingmaker/playthrough000/savepoint465' started.
DEFAULT      : [PERSISTENCE] Save completed successfully.
PLATFORM     : Deleting save 'game/806FFA8093F22A71-REAPER-Kingmaker/playthrough000/savepoint455'.
DEFAULT      : BattlEye Server: Done.
RPL          : Replication finishing...
RPL          : rpl::Pip::ProcessNetToGame
 RPL          : Replication finished.
SCRIPT       : ScenarioFramework Action: Could not find MissionFailed_Counter for Action SCR_ScenarioFrameworkActionIncrementCounter<0x00007F01ECF9FB20>
ENGINE       : Game destroyed.
