[03:00:00] steamcmd.sh[2227430]: Starting  /home/steam/steamcmd/linux32/steamcmd
[03:00:00] Redirecting stderr to '/root/Steam/logs/stderr.txt'
[03:00:00] Logging directory: '/root/Steam/logs'
[03:00:01] [  0%] Checking for available updates...
[03:00:04] [----] Verifying installation...
[03:00:05] UpdateUI: skip show logo
[03:00:05] Steam Console Client (c) Valve Corporation - version 1785799152
[03:00:05] -- type 'quit' to exit --
[03:00:05] Loading Steam API...[0mOK
[03:00:05] [0m"@NoPromptForPassword" = "1"
[03:00:05] [0m"@ShutdownOnFailedCommand" = "1"
[03:00:05] [0m[1mLogging in using username/password.
[03:00:05] [0m[1mSteam Guard code provided.
[03:00:25] [0mLogging in user 'madit79' [U:1:21256678] to Steam Public...[0mERROR (Two-factor code mismatch)
[03:00:27] [0mUnloading Steam API...[0mOK
[03:00:28] [0m


[17:17:26] steamcmd.sh[2240145]: Starting  /home/steam/steamcmd/linux32/steamcmd
[17:17:26] Redirecting stderr to '/root/Steam/logs/stderr.txt'
[17:17:26] Logging directory: '/root/Steam/logs'
[17:17:27] [  0%] Checking for available updates...
[17:17:31] [----] Verifying installation...
[17:17:31] UpdateUI: skip show logo
[17:17:31] Steam Console Client (c) Valve Corporation - version 1785799152
[17:17:31] -- type 'quit' to exit --
[17:17:31] Loading Steam API...[0mOK
[17:17:31] [0m"@NoPromptForPassword" = "1"
[17:17:31] [0m"@ShutdownOnFailedCommand" = "1"
[17:17:31] [0m[1mLogging in using username/password.
[17:17:31] [0m[1mSteam Guard code provided.
[17:17:52] [0mLogging in user 'madit79' [U:1:21256678] to Steam Public...[0mOK
[17:17:54] [0mWaiting for client config...[0mOK
[17:17:54] [0mWaiting for user info...[0mOK
[17:17:57] [0m Update state (0x3) reconfiguring, progress: 0.00 (0 / 0)
[17:17:59] [0m Update state (0x3) reconfiguring, progress: 0.00 (0 / 0)
[17:18:01] [0m Update state (0x3) reconfiguring, progress: 0.00 (0 / 0)
[17:18:03] [0m Update state (0x3) reconfiguring, progress: 0.00 (0 / 0)
[17:18:05] [0m Update state (0x3) reconfiguring, progress: 0.00 (0 / 0)
[17:18:06] [0mPosixFileOpen: RESOLVE_BENEATH unsupported, falling back to plain open()
[17:18:06] PosixFileOpen: RESOLVE_BENEATH unsupported, falling back to plain open()
[17:18:07]  Update state (0x61) downloading, progress: 5.09 (522669150 / 10277658898)
[17:18:09] [0m Update state (0x61) downloading, progress: 15.32 (1574978141 / 10277658898)
[17:18:11] [0m Update state (0x61) downloading, progress: 25.84 (2655526813 / 10277658898)
[17:18:13] [0m Update state (0x61) downloading, progress: 34.11 (3505967374 / 10277658898)
[17:18:15] [0m Update state (0x61) downloading, progress: 34.11 (3505967374 / 10277658898)
[17:18:17] [0m Update state (0x61) downloading, progress: 34.12 (3507015950 / 10277658898)
[17:18:19] [0m Update state (0x61) downloading, progress: 34.13 (3508064526 / 10277658898)
[17:18:21] [0m Update state (0x61) downloading, progress: 34.13 (3508064526 / 10277658898)
[17:18:23] [0m Update state (0x61) downloading, progress: 34.13 (3508064526 / 10277658898)
[17:18:25] [0m Update state (0x61) downloading, progress: 34.14 (3509113102 / 10277658898)
[17:18:27] [0m Update state (0x61) downloading, progress: 34.14 (3509113102 / 10277658898)
[17:18:29] [0m Update state (0x61) downloading, progress: 34.17 (3512258830 / 10277658898)
[17:18:31] [0m Update state (0x61) downloading, progress: 34.26 (3520699755 / 10277658898)
[17:18:33] [0m Update state (0x61) downloading, progress: 34.27 (3521748331 / 10277658898)
[17:18:35] [0m Update state (0x61) downloading, progress: 34.51 (3546449294 / 10277658898)
[17:18:37] [0m Update state (0x61) downloading, progress: 34.51 (3546449294 / 10277658898)
[17:18:39] [0m Update state (0x61) downloading, progress: 34.51 (3546449294 / 10277658898)
[17:18:41] [0m Update state (0x61) downloading, progress: 34.52 (3547497870 / 10277658898)
[17:18:43] [0m Update state (0x61) downloading, progress: 34.52 (3547497870 / 10277658898)
[17:18:45] [0m Update state (0x61) downloading, progress: 34.54 (3549596759 / 10277658898)
[17:18:47] [0m Update state (0x61) downloading, progress: 34.57 (3552742618 / 10277658898)
[17:18:49] [0m Update state (0x61) downloading, progress: 34.57 (3552742618 / 10277658898)
[17:18:51] [0m Update state (0x61) downloading, progress: 34.59 (3554839770 / 10277658898)
[17:18:54] [0m Update state (0x61) downloading, progress: 34.72 (3567908449 / 10277658898)
[17:18:56] [0m Update state (0x61) downloading, progress: 34.72 (3567908449 / 10277658898)
[17:18:58] [0m Update state (0x61) downloading, progress: 34.72 (3567908449 / 10277658898)
[17:19:00] [0m Update state (0x61) downloading, progress: 34.77 (3573151311 / 10277658898)
[17:19:02] [0m Update state (0x61) downloading, progress: 34.77 (3573151311 / 10277658898)
[17:19:04] [0m Update state (0x61) downloading, progress: 34.87 (3583640925 / 10277658898)
[17:19:06] [0m Update state (0x61) downloading, progress: 34.87 (3583640925 / 10277658898)
[17:19:08] [0m Update state (0x61) downloading, progress: 34.87 (3583640925 / 10277658898)
[17:19:10] [0m Update state (0x61) downloading, progress: 34.98 (3595175301 / 10277658898)
[17:19:12] [0m Update state (0x61) downloading, progress: 35.02 (3599369605 / 10277658898)
[17:19:14] [0m Update state (0x61) downloading, progress: 35.02 (3599369605 / 10277658898)
[17:19:16] [0m Update state (0x61) downloading, progress: 35.03 (3600404187 / 10277658898)
[17:19:18] [0m Update state (0x61) downloading, progress: 35.13 (3610889294 / 10277658898)
[17:19:20] [0m Update state (0x61) downloading, progress: 35.13 (3610889294 / 10277658898)
[17:19:22] [0m Update state (0x61) downloading, progress: 35.13 (3610889294 / 10277658898)
[17:19:24] [0m Update state (0x61) downloading, progress: 35.27 (3625424824 / 10277658898)
[17:19:26] [0m Update state (0x61) downloading, progress: 35.27 (3625424824 / 10277658898)
[17:19:28] [0m Update state (0x61) downloading, progress: 35.27 (3625424824 / 10277658898)
[17:19:30] [0m Update state (0x61) downloading, progress: 35.27 (3625424824 / 10277658898)
[17:19:32] [0m Update state (0x61) downloading, progress: 35.27 (3625424824 / 10277658898)
[17:19:34] [0m Update state (0x61) downloading, progress: 35.43 (3641153406 / 10277658898)
[17:19:36] [0m Update state (0x61) downloading, progress: 35.43 (3641153406 / 10277658898)
[17:19:38] [0m Update state (0x61) downloading, progress: 35.43 (3641153406 / 10277658898)
[17:19:40] [0m Update state (0x61) downloading, progress: 35.43 (3641357340 / 10277658898)
[17:19:42] [0m Update state (0x61) downloading, progress: 35.48 (3646600210 / 10277658898)
[17:19:44] [0m Update state (0x61) downloading, progress: 35.61 (3659394912 / 10277658898)
[17:19:46] [0m Update state (0x61) downloading, progress: 35.81 (3680365595 / 10277658898)
[17:19:48] [0m Update state (0x61) downloading, progress: 35.81 (3680365595 / 10277658898)
[17:19:50] [0m Update state (0x61) downloading, progress: 35.95 (3695074640 / 10277658898)
[17:19:52] [0m Update state (0x61) downloading, progress: 36.04 (3704511824 / 10277658898)
[17:19:54] [0m Update state (0x61) downloading, progress: 36.04 (3704511824 / 10277658898)
[17:19:56] [0m Update state (0x61) downloading, progress: 36.06 (3706605206 / 10277658898)
[17:19:58] [0m Update state (0x61) downloading, progress: 36.22 (3722562831 / 10277658898)
[17:20:00] [0m Update state (0x61) downloading, progress: 36.22 (3722562831 / 10277658898)
[17:20:02] [0m Update state (0x61) downloading, progress: 36.22 (3722562831 / 10277658898)
[17:20:04] [0m Update state (0x61) downloading, progress: 36.44 (3745633739 / 10277658898)
[17:20:06] [0m Update state (0x61) downloading, progress: 36.44 (3745633739 / 10277658898)
[17:20:08] [0m Update state (0x61) downloading, progress: 36.44 (3745633739 / 10277658898)
[17:20:10] [0m Update state (0x61) downloading, progress: 36.45 (3746658168 / 10277658898)
[17:20:12] [0m Update state (0x61) downloading, progress: 36.45 (3746658168 / 10277658898)
[17:20:14] [0m Update state (0x61) downloading, progress: 36.48 (3749803416 / 10277658898)
[17:20:16] [0m Update state (0x61) downloading, progress: 36.68 (3769727026 / 10277658898)
[17:20:18] [0m Update state (0x61) downloading, progress: 36.68 (3769727026 / 10277658898)
[17:20:20] [0m Update state (0x61) downloading, progress: 36.68 (3769727026 / 10277658898)
[17:20:22] [0m Update state (0x61) downloading, progress: 36.68 (3769727026 / 10277658898)
[17:20:24] [0m Update state (0x61) downloading, progress: 36.68 (3769727026 / 10277658898)
[17:20:26] [0m Update state (0x61) downloading, progress: 36.90 (3792068797 / 10277658898)
[17:20:28] [0m Update state (0x61) downloading, progress: 36.93 (3795214525 / 10277658898)
[17:20:30] [0m Update state (0x61) downloading, progress: 36.93 (3795214525 / 10277658898)
[17:20:32] [0m Update state (0x61) downloading, progress: 36.98 (3800457405 / 10277658898)
[17:20:35] [0m Update state (0x61) downloading, progress: 37.23 (3825979484 / 10277658898)
[17:20:37] [0m Update state (0x61) downloading, progress: 37.23 (3825979484 / 10277658898)
[17:20:39] [0m Update state (0x61) downloading, progress: 37.25 (3828076636 / 10277658898)
[17:20:41] [0m Update state (0x61) downloading, progress: 37.35 (3838413457 / 10277658898)
[17:20:43] [0m Update state (0x61) downloading, progress: 37.44 (3847850639 / 10277658898)
[17:20:45] [0m Update state (0x61) downloading, progress: 37.48 (3852044943 / 10277658898)
[17:20:47] [0m Update state (0x61) downloading, progress: 37.49 (3853093519 / 10277658898)
[17:20:49] [0m Update state (0x61) downloading, progress: 37.50 (3854142095 / 10277658898)
[17:20:51] [0m Update state (0x61) downloading, progress: 37.70 (3875188211 / 10277658898)
[17:20:53] [0m Update state (0x61) downloading, progress: 37.70 (3875188211 / 10277658898)
[17:20:55] [0m Update state (0x61) downloading, progress: 37.70 (3875188211 / 10277658898)
[17:20:57] [0m Update state (0x61) downloading, progress: 37.96 (3901881468 / 10277658898)
[17:20:59] [0m Update state (0x61) downloading, progress: 38.00 (3905027196 / 10277658898)
[17:21:01] [0m Update state (0x61) downloading, progress: 38.00 (3905027196 / 10277658898)
[17:21:03] [0m Update state (0x61) downloading, progress: 38.03 (3908172924 / 10277658898)
[17:21:05] [0m Update state (0x61) downloading, progress: 38.03 (3908172924 / 10277658898)
[17:21:07] [0m Update state (0x61) downloading, progress: 38.26 (3932290092 / 10277658898)
[17:21:09] [0m Update state (0x61) downloading, progress: 38.26 (3932290092 / 10277658898)
[17:21:11] [0m Update state (0x61) downloading, progress: 38.26 (3932290092 / 10277658898)
[17:21:13] [0m Update state (0x61) downloading, progress: 38.48 (3954564081 / 10277658898)
[17:21:15] [0m Update state (0x61) downloading, progress: 38.53 (3959806521 / 10277658898)
[17:21:17] [0m Update state (0x61) downloading, progress: 38.53 (3959806521 / 10277658898)
[17:21:19] [0m Update state (0x61) downloading, progress: 38.56 (3962952247 / 10277658898)
[17:21:21] [0m Update state (0x61) downloading, progress: 38.57 (3964000823 / 10277658898)
[17:21:23] [0m Update state (0x61) downloading, progress: 38.57 (3964000823 / 10277658898)
[17:21:25] [0m Update state (0x61) downloading, progress: 38.77 (3984972343 / 10277658898)
[17:21:27] [0m Update state (0x61) downloading, progress: 38.77 (3984972343 / 10277658898)
[17:21:29] [0m Update state (0x61) downloading, progress: 38.77 (3984972343 / 10277658898)
[17:21:31] [0m Update state (0x61) downloading, progress: 38.79 (3987069495 / 10277658898)
[17:21:33] [0m Update state (0x61) downloading, progress: 39.05 (4013285301 / 10277658898)
[17:21:35] [0m Update state (0x61) downloading, progress: 39.05 (4013285301 / 10277658898)
[17:21:37] [0m Update state (0x61) downloading, progress: 39.09 (4017479605 / 10277658898)
[17:21:39] [0m Update state (0x61) downloading, progress: 39.09 (4017479605 / 10277658898)
[17:21:41] [0m Update state (0x61) downloading, progress: 39.09 (4017479605 / 10277658898)
[17:21:43] [0m Update state (0x61) downloading, progress: 39.32 (4041596853 / 10277658898)
[17:21:45] [0m Update state (0x61) downloading, progress: 39.32 (4041596853 / 10277658898)
[17:21:47] [0m Update state (0x61) downloading, progress: 39.32 (4041596853 / 10277658898)
[17:21:49] [0m Update state (0x61) downloading, progress: 39.33 (4042645429 / 10277658898)
[17:21:51] [0m Update state (0x61) downloading, progress: 39.46 (4055228341 / 10277658898)
[17:21:53] [0m Update state (0x61) downloading, progress: 39.58 (4067811253 / 10277658898)
[17:21:55] [0m Update state (0x61) downloading, progress: 39.65 (4075152206 / 10277658898)
[17:21:57] [0m Update state (0x61) downloading, progress: 39.79 (4089832270 / 10277658898)
[17:21:59] [0m Update state (0x61) downloading, progress: 39.92 (4102415182 / 10277658898)
[17:22:01] [0m Update state (0x61) downloading, progress: 39.92 (4102415182 / 10277658898)
[17:22:03] [0m Update state (0x61) downloading, progress: 39.92 (4102415182 / 10277658898)
[17:22:05] [0m Update state (0x61) downloading, progress: 39.94 (4104512334 / 10277658898)
[17:22:07] [0m Update state (0x61) downloading, progress: 40.16 (4127960624 / 10277658898)
[17:22:09] [0m Update state (0x61) downloading, progress: 40.16 (4127960624 / 10277658898)
[17:22:12] [0m Update state (0x61) downloading, progress: 40.16 (4127960624 / 10277658898)
[17:22:14] [0m Update state (0x61) downloading, progress: 40.20 (4131106521 / 10277658898)
[17:22:16] [0m Update state (0x61) downloading, progress: 40.20 (4131106521 / 10277658898)
[17:22:18] [0m Update state (0x61) downloading, progress: 40.42 (4154175208 / 10277658898)
[17:22:20] [0m Update state (0x61) downloading, progress: 40.48 (4160466664 / 10277658898)
[17:22:22] [0m Update state (0x61) downloading, progress: 40.48 (4160466664 / 10277658898)
[17:22:24] [0m Update state (0x61) downloading, progress: 40.50 (4162563816 / 10277658898)
[17:22:26] [0m Update state (0x61) downloading, progress: 40.52 (4164660968 / 10277658898)
[17:22:28] [0m Update state (0x61) downloading, progress: 40.52 (4164660968 / 10277658898)
[17:22:30] [0m Update state (0x61) downloading, progress: 40.71 (4183531991 / 10277658898)
[17:22:32] [0m Update state (0x61) downloading, progress: 40.99 (4212892807 / 10277658898)
[17:22:34] [0m Update state (0x61) downloading, progress: 40.99 (4212892807 / 10277658898)
[17:22:36] [0m Update state (0x61) downloading, progress: 40.99 (4212892807 / 10277658898)
[17:22:38] [0m Update state (0x61) downloading, progress: 41.05 (4219187232 / 10277658898)
[17:22:40] [0m Update state (0x61) downloading, progress: 41.05 (4219187232 / 10277658898)
[17:22:42] [0m Update state (0x61) downloading, progress: 41.07 (4221284384 / 10277658898)
[17:22:44] [0m Update state (0x61) downloading, progress: 41.08 (4222332960 / 10277658898)
[17:22:46] [0m Update state (0x61) downloading, progress: 41.08 (4222332960 / 10277658898)
[17:22:48] [0m Update state (0x61) downloading, progress: 41.62 (4277204092 / 10277658898)
[17:22:50] [0m Update state (0x61) downloading, progress: 41.62 (4277204092 / 10277658898)
[17:22:52] [0m Update state (0x61) downloading, progress: 41.62 (4277204092 / 10277658898)
[17:22:54] [0m Update state (0x61) downloading, progress: 41.64 (4279302346 / 10277658898)
[17:22:56] [0m Update state (0x61) downloading, progress: 41.66 (4281399498 / 10277658898)
[17:22:58] [0m Update state (0x61) downloading, progress: 41.66 (4281399498 / 10277658898)
[17:23:00] [0m Update state (0x61) downloading, progress: 41.75 (4290836682 / 10277658898)
[17:23:02] [0m Update state (0x61) downloading, progress: 41.78 (4293982410 / 10277658898)
[17:23:04] [0m Update state (0x61) downloading, progress: 41.78 (4293982410 / 10277658898)
[17:23:06] [0m Update state (0x61) downloading, progress: 42.14 (4330680903 / 10277658898)
[17:23:08] [0m Update state (0x61) downloading, progress: 42.18 (4334875257 / 10277658898)
[17:23:10] [0m Update state (0x61) downloading, progress: 42.18 (4334875257 / 10277658898)
[17:23:12] [0m Update state (0x61) downloading, progress: 42.26 (4343263865 / 10277658898)
[17:23:14] [0m Update state (0x61) downloading, progress: 42.26 (4343263865 / 10277658898)
[17:23:16] [0m Update state (0x61) downloading, progress: 42.26 (4343263865 / 10277658898)
[17:23:18] [0m Update state (0x61) downloading, progress: 42.46 (4363783699 / 10277658898)
[17:23:20] [0m Update state (0x61) downloading, progress: 42.46 (4363783699 / 10277658898)
[17:23:22] [0m Update state (0x61) downloading, progress: 42.74 (4393159567 / 10277658898)
[17:23:24] [0m Update state (0x61) downloading, progress: 42.75 (4394208143 / 10277658898)
[17:23:26] [0m Update state (0x61) downloading, progress: 42.75 (4394208143 / 10277658898)
[17:23:28] [0m Update state (0x61) downloading, progress: 42.75 (4394208143 / 10277658898)
[17:23:30] [0m Update state (0x61) downloading, progress: 42.75 (4394208143 / 10277658898)
[17:23:32] [0m Update state (0x61) downloading, progress: 42.75 (4394208143 / 10277658898)
[17:23:34] [0m Update state (0x61) downloading, progress: 42.78 (4396305295 / 10277658898)
[17:23:36] [0m Update state (0x61) downloading, progress: 43.04 (4423511367 / 10277658898)
[17:23:38] [0m Update state (0x61) downloading, progress: 43.04 (4423511367 / 10277658898)
[17:23:40] [0m Update state (0x61) downloading, progress: 43.05 (4424559873 / 10277658898)
[17:23:42] [0m Update state (0x61) downloading, progress: 43.07 (4426657025 / 10277658898)
[17:23:44] [0m Update state (0x61) downloading, progress: 43.07 (4426657025 / 10277658898)
[17:23:46] [0m Update state (0x61) downloading, progress: 43.32 (4451868020 / 10277658898)
[17:23:48] [0m Update state (0x61) downloading, progress: 43.32 (4451868020 / 10277658898)
[17:23:50] [0m Update state (0x61) downloading, progress: 43.32 (4451868020 / 10277658898)
[17:23:52] [0m Update state (0x61) downloading, progress: 43.32 (4451868020 / 10277658898)
[17:23:54] [0m Update state (0x61) downloading, progress: 43.44 (4464450913 / 10277658898)
[17:23:56] [0m Update state (0x61) downloading, progress: 43.58 (4479076668 / 10277658898)
[17:23:58] [0m Update state (0x61) downloading, progress: 43.61 (4482222396 / 10277658898)
[17:24:00] [0m Update state (0x61) downloading, progress: 43.65 (4486418494 / 10277658898)
[17:24:03] [0m Update state (0x61) downloading, progress: 43.65 (4486418494 / 10277658898)
[17:24:05] [0m Update state (0x61) downloading, progress: 44.08 (4530470109 / 10277658898)
[17:24:07] [0m Update state (0x61) downloading, progress: 44.08 (4530470109 / 10277658898)
[17:24:09] [0m Update state (0x61) downloading, progress: 44.08 (4530470109 / 10277658898)
[17:24:11] [0m Update state (0x61) downloading, progress: 44.38 (4560857379 / 10277658898)
[17:24:13] [0m Update state (0x61) downloading, progress: 44.42 (4565051683 / 10277658898)
[17:24:15] [0m Update state (0x61) downloading, progress: 44.42 (4565051683 / 10277658898)
[17:24:17] [0m Update state (0x61) downloading, progress: 44.47 (4570287316 / 10277658898)
[17:24:19] [0m Update state (0x61) downloading, progress: 44.47 (4570287316 / 10277658898)
[17:24:21] [0m Update state (0x61) downloading, progress: 44.79 (4603287449 / 10277658898)
[17:24:23] [0m Update state (0x61) downloading, progress: 44.79 (4603287449 / 10277658898)
[17:24:25] [0m Update state (0x61) downloading, progress: 44.79 (4603287449 / 10277658898)
[17:24:27] [0m Update state (0x61) downloading, progress: 45.22 (4647385669 / 10277658898)
[17:24:29] [0m Update state (0x61) downloading, progress: 45.22 (4647385669 / 10277658898)
[17:24:31] [0m Update state (0x61) downloading, progress: 45.22 (4647385669 / 10277658898)
[17:24:33] [0m Update state (0x61) downloading, progress: 45.22 (4647385669 / 10277658898)
[17:24:35] [0m Update state (0x61) downloading, progress: 45.22 (4647385669 / 10277658898)
[17:24:37] [0m Update state (0x61) downloading, progress: 45.22 (4647385669 / 10277658898)
[17:24:39] [0m Update state (0x61) downloading, progress: 45.22 (4647385669 / 10277658898)
[17:24:41] [0m Update state (0x61) downloading, progress: 45.55 (4681984306 / 10277658898)
[17:24:43] [0m Update state (0x61) downloading, progress: 45.55 (4681984306 / 10277658898)
[17:24:45] [0m Update state (0x61) downloading, progress: 45.59 (4685130117 / 10277658898)
[17:24:47] [0m Update state (0x61) downloading, progress: 45.63 (4689324421 / 10277658898)
[17:24:49] [0m Update state (0x61) downloading, progress: 45.63 (4689324421 / 10277658898)
[17:24:51] [0m Update state (0x61) downloading, progress: 45.95 (4722237289 / 10277658898)
[17:24:53] [0m Update state (0x61) downloading, progress: 46.28 (4756394875 / 10277658898)
[17:24:55] [0m Update state (0x61) downloading, progress: 46.28 (4756394875 / 10277658898)
[17:24:57] [0m Update state (0x61) downloading, progress: 46.38 (4766880646 / 10277658898)
[17:24:59] [0m Update state (0x61) downloading, progress: 46.38 (4766880646 / 10277658898)
[17:25:01] [0m Update state (0x61) downloading, progress: 46.38 (4766880646 / 10277658898)
[17:25:03] [0m Update state (0x61) downloading, progress: 46.72 (4801477200 / 10277658898)
[17:25:05] [0m Update state (0x61) downloading, progress: 47.08 (4839226018 / 10277658898)
[17:25:07] [0m Update state (0x61) downloading, progress: 47.08 (4839226018 / 10277658898)
[17:25:09] [0m Update state (0x61) downloading, progress: 47.08 (4839226018 / 10277658898)
[17:25:11] [0m Update state (0x61) downloading, progress: 47.08 (4839226018 / 10277658898)
[17:25:13] [0m Update state (0x61) downloading, progress: 47.08 (4839226018 / 10277658898)
[17:25:15] [0m Update state (0x61) downloading, progress: 47.08 (4839226018 / 10277658898)
[17:25:17] [0m Update state (0x61) downloading, progress: 47.08 (4839226018 / 10277658898)
[17:25:19] [0m Update state (0x61) downloading, progress: 47.08 (4839226018 / 10277658898)
[17:25:21] [0m Update state (0x61) downloading, progress: 47.10 (4840274871 / 10277658898)
[17:25:23] [0m Update state (0x61) downloading, progress: 47.10 (4840274935 / 10277658898)
[17:25:25] [0m Update state (0x61) downloading, progress: 47.10 (4841286778 / 10277658898)
[17:25:27] [0m Update state (0x61) downloading, progress: 47.46 (4877302447 / 10277658898)
[17:25:29] [0m Update state (0x61) downloading, progress: 47.46 (4877302447 / 10277658898)
[17:25:31] [0m Update state (0x61) downloading, progress: 47.87 (4920268973 / 10277658898)
[17:25:33] [0m Update state (0x61) downloading, progress: 47.87 (4920268982 / 10277658898)
[17:25:35] [0m Update state (0x61) downloading, progress: 47.87 (4920268982 / 10277658898)
[17:25:37] [0m Update state (0x61) downloading, progress: 47.87 (4920268982 / 10277658898)
[17:25:39] [0m Update state (0x61) downloading, progress: 47.87 (4920268982 / 10277658898)
[17:25:41] [0m Update state (0x61) downloading, progress: 47.87 (4920268982 / 10277658898)
[17:25:44] [0m Update state (0x61) downloading, progress: 47.89 (4922366134 / 10277658898)
[17:25:46] [0m Update state (0x61) downloading, progress: 48.28 (4962212387 / 10277658898)
[17:25:48] [0m Update state (0x61) downloading, progress: 48.32 (4966406691 / 10277658898)
[17:25:50] [0m Update state (0x61) downloading, progress: 48.75 (5010431872 / 10277658898)
[17:25:52] [0m Update state (0x61) downloading, progress: 48.76 (5011480448 / 10277658898)
[17:25:54] [0m Update state (0x61) downloading, progress: 48.76 (5011480448 / 10277658898)
[17:25:56] [0m Update state (0x61) downloading, progress: 48.76 (5011480448 / 10277658898)
[17:25:58] [0m Update state (0x61) downloading, progress: 48.99 (5034549120 / 10277658898)
[17:26:00] [0m Update state (0x61) downloading, progress: 48.99 (5034549120 / 10277658898)
[17:26:02] [0m Update state (0x61) downloading, progress: 48.99 (5034549120 / 10277658898)
[17:26:04] [0m Update state (0x61) downloading, progress: 48.99 (5034549120 / 10277658898)
[17:26:06] [0m Update state (0x61) downloading, progress: 48.99 (5034549120 / 10277658898)
[17:26:08] [0m Update state (0x61) downloading, progress: 48.99 (5034549120 / 10277658898)
[17:26:10] [0m Update state (0x61) downloading, progress: 49.05 (5041191416 / 10277658898)
[17:26:12] [0m Update state (0x61) downloading, progress: 49.05 (5041191416 / 10277658898)
[17:26:14] [0m Update state (0x61) downloading, progress: 49.11 (5047482943 / 10277658898)
[17:26:16] [0m Update state (0x61) downloading, progress: 49.26 (5062715147 / 10277658898)
[17:26:18] [0m Update state (0x61) downloading, progress: 49.57 (5094213240 / 10277658898)
[17:26:20] [0m Update state (0x61) downloading, progress: 49.57 (5094213240 / 10277658898)
[17:26:22] [0m Update state (0x61) downloading, progress: 49.59 (5096310392 / 10277658898)
[17:26:24] [0m Update state (0x61) downloading, progress: 49.59 (5096310392 / 10277658898)
[17:26:26] [0m Update state (0x61) downloading, progress: 49.74 (5111966560 / 10277658898)
[17:26:28] [0m Update state (0x61) downloading, progress: 49.74 (5111966560 / 10277658898)
[17:26:30] [0m Update state (0x61) downloading, progress: 49.74 (5111966560 / 10277658898)
[17:26:32] [0m Update state (0x61) downloading, progress: 49.81 (5119306166 / 10277658898)
[17:26:34] [0m Update state (0x61) downloading, progress: 49.94 (5132938589 / 10277658898)
[17:26:36] [0m Update state (0x61) downloading, progress: 50.33 (5172782752 / 10277658898)
[17:26:38] [0m Update state (0x61) downloading, progress: 50.34 (5173831328 / 10277658898)
[17:26:40] [0m Update state (0x61) downloading, progress: 50.36 (5175928467 / 10277658898)
[17:26:42] [0m Update state (0x61) downloading, progress: 50.53 (5193380187 / 10277658898)
[17:26:44] [0m Update state (0x61) downloading, progress: 50.53 (5193380187 / 10277658898)
[17:26:46] [0m Update state (0x61) downloading, progress: 50.53 (5193380187 / 10277658898)
[17:26:48] [0m Update state (0x61) downloading, progress: 50.53 (5193380187 / 10277658898)
[17:26:50] [0m Update state (0x61) downloading, progress: 50.56 (5196525963 / 10277658898)
[17:26:52] [0m Update state (0x61) downloading, progress: 50.56 (5196525963 / 10277658898)
[17:26:54] [0m Update state (0x61) downloading, progress: 51.32 (5274112642 / 10277658898)
[17:26:56] [0m Update state (0x61) downloading, progress: 51.32 (5274112642 / 10277658898)
[17:26:58] [0m Update state (0x61) downloading, progress: 51.32 (5274112642 / 10277658898)
[17:27:00] [0m Update state (0x61) downloading, progress: 51.33 (5275161218 / 10277658898)
[17:27:02] [0m Update state (0x61) downloading, progress: 51.54 (5297181170 / 10277658898)
[17:27:04] [0m Update state (0x61) downloading, progress: 51.54 (5297181170 / 10277658898)
[17:27:06] [0m Update state (0x61) downloading, progress: 51.54 (5297181170 / 10277658898)
[17:27:08] [0m Update state (0x61) downloading, progress: 51.55 (5298229746 / 10277658898)
[17:27:10] [0m Update state (0x61) downloading, progress: 51.55 (5298229746 / 10277658898)
[17:27:12] [0m Update state (0x61) downloading, progress: 51.57 (5300326898 / 10277658898)
[17:27:14] [0m Update state (0x61) downloading, progress: 52.26 (5370594298 / 10277658898)
[17:27:16] [0m Update state (0x61) downloading, progress: 52.26 (5370594298 / 10277658898)
[17:27:19] [0m Update state (0x61) downloading, progress: 52.27 (5371642874 / 10277658898)
[17:27:21] [0m Update state (0x61) downloading, progress: 52.46 (5391574451 / 10277658898)
[17:27:23] [0m Update state (0x61) downloading, progress: 52.46 (5391574451 / 10277658898)
[17:27:25] [0m Update state (0x61) downloading, progress: 52.48 (5393672999 / 10277658898)
[17:27:27] [0m Update state (0x61) downloading, progress: 52.51 (5396818727 / 10277658898)
[17:27:29] [0m Update state (0x61) downloading, progress: 52.51 (5396818727 / 10277658898)
[17:27:31] [0m Update state (0x61) downloading, progress: 52.52 (5397867303 / 10277658898)
[17:27:33] [0m Update state (0x61) downloading, progress: 52.97 (5444003628 / 10277658898)
[17:27:35] [0m Update state (0x61) downloading, progress: 53.15 (5462877996 / 10277658898)
[17:27:37] [0m Update state (0x61) downloading, progress: 53.16 (5463926572 / 10277658898)
[17:27:39] [0m Update state (0x61) downloading, progress: 53.18 (5466023724 / 10277658898)
[17:27:41] [0m Update state (0x61) downloading, progress: 53.18 (5466023724 / 10277658898)
[17:27:43] [0m Update state (0x61) downloading, progress: 53.39 (5486995244 / 10277658898)
[17:27:45] [0m Update state (0x61) downloading, progress: 53.39 (5486995244 / 10277658898)
[17:27:47] [0m Update state (0x61) downloading, progress: 53.39 (5486995244 / 10277658898)
[17:27:49] [0m Update state (0x61) downloading, progress: 53.98 (5547847989 / 10277658898)
[17:27:51] [0m Update state (0x61) downloading, progress: 54.07 (5557327371 / 10277658898)
[17:27:53] [0m Update state (0x61) downloading, progress: 54.07 (5557327371 / 10277658898)
[17:27:55] [0m Update state (0x61) downloading, progress: 54.08 (5558375895 / 10277658898)
[17:27:57] [0m Update state (0x61) downloading, progress: 54.08 (5558375895 / 10277658898)
[17:27:59] [0m Update state (0x61) downloading, progress: 54.09 (5559424471 / 10277658898)
[17:28:01] [0m Update state (0x61) downloading, progress: 54.32 (5582496111 / 10277658898)
[17:28:03] [0m Update state (0x61) downloading, progress: 54.32 (5582496111 / 10277658898)
[17:28:05] [0m Update state (0x61) downloading, progress: 55.01 (5653774542 / 10277658898)
[17:28:07] [0m Update state (0x61) downloading, progress: 55.02 (5654823118 / 10277658898)
[17:28:09] [0m Update state (0x61) downloading, progress: 55.02 (5654823118 / 10277658898)
[17:28:11] [0m Update state (0x61) downloading, progress: 55.02 (5654823118 / 10277658898)
[17:28:13] [0m Update state (0x61) downloading, progress: 55.05 (5657968846 / 10277658898)
[17:28:15] [0m Update state (0x61) downloading, progress: 55.05 (5657968846 / 10277658898)
[17:28:17] [0m Update state (0x61) downloading, progress: 55.05 (5657968846 / 10277658898)
[17:28:19] [0m Update state (0x61) downloading, progress: 55.33 (5686491753 / 10277658898)
[17:28:21] [0m Update state (0x61) downloading, progress: 55.33 (5686491753 / 10277658898)
[17:28:23] [0m Update state (0x61) downloading, progress: 55.33 (5686491753 / 10277658898)
[17:28:25] [0m Update state (0x61) downloading, progress: 55.36 (5689637481 / 10277658898)
[17:28:27] [0m Update state (0x61) downloading, progress: 55.36 (5689637481 / 10277658898)
[17:28:29] [0m Update state (0x61) downloading, progress: 56.36 (5792508469 / 10277658898)
[17:28:31] [0m Update state (0x61) downloading, progress: 56.40 (5796702778 / 10277658898)
[17:28:33] [0m Update state (0x61) downloading, progress: 56.40 (5796702778 / 10277658898)
[17:28:35] [0m Update state (0x61) downloading, progress: 56.40 (5796702778 / 10277658898)
[17:28:37] [0m Update state (0x61) downloading, progress: 56.41 (5797751354 / 10277658898)
[17:28:39] [0m Update state (0x61) downloading, progress: 56.41 (5797751354 / 10277658898)
[17:28:41] [0m Update state (0x61) downloading, progress: 56.82 (5839258476 / 10277658898)
[17:28:43] [0m Update state (0x61) downloading, progress: 56.83 (5840306596 / 10277658898)
[17:28:45] [0m Update state (0x61) downloading, progress: 56.83 (5840306596 / 10277658898)
[17:28:47] [0m Update state (0x61) downloading, progress: 57.75 (5935645221 / 10277658898)
[17:28:49] [0m Update state (0x61) downloading, progress: 57.75 (5935645221 / 10277658898)
[17:28:51] [0m Update state (0x61) downloading, progress: 57.75 (5935645221 / 10277658898)
[17:28:53] [0m Update state (0x61) downloading, progress: 57.75 (5935645221 / 10277658898)
[17:28:55] [0m Update state (0x61) downloading, progress: 57.76 (5936711062 / 10277658898)
[17:28:57] [0m Update state (0x61) downloading, progress: 58.11 (5972544319 / 10277658898)
[17:28:59] [0m Update state (0x61) downloading, progress: 58.11 (5972544319 / 10277658898)
[17:29:02] [0m Update state (0x61) downloading, progress: 58.17 (5978848204 / 10277658898)
[17:29:04] [0m Update state (0x61) downloading, progress: 58.17 (5978848204 / 10277658898)
[17:29:06] [0m Update state (0x61) downloading, progress: 58.17 (5978848204 / 10277658898)
[17:29:08] [0m Update state (0x61) downloading, progress: 58.17 (5978848204 / 10277658898)
[17:29:10] [0m Update state (0x61) downloading, progress: 58.21 (5983042508 / 10277658898)
[17:29:12] [0m Update state (0x61) downloading, progress: 58.89 (6052947295 / 10277658898)
[17:29:14] [0m Update state (0x61) downloading, progress: 58.97 (6060287327 / 10277658898)
[17:29:16] [0m Update state (0x61) downloading, progress: 58.98 (6061335953 / 10277658898)
[17:29:18] [0m Update state (0x61) downloading, progress: 59.35 (6100151599 / 10277658898)
[17:29:20] [0m Update state (0x61) downloading, progress: 59.35 (6100151599 / 10277658898)
[17:29:22] [0m Update state (0x61) downloading, progress: 59.39 (6104346011 / 10277658898)
[17:29:24] [0m Update state (0x61) downloading, progress: 60.04 (6170577792 / 10277658898)
[17:29:26] [0m Update state (0x61) downloading, progress: 60.29 (6196827665 / 10277658898)
[17:29:28] [0m Update state (0x61) downloading, progress: 60.29 (6196827665 / 10277658898)
[17:29:30] [0m Update state (0x61) downloading, progress: 60.31 (6198924817 / 10277658898)
[17:29:32] [0m Update state (0x61) downloading, progress: 60.31 (6198924817 / 10277658898)
[17:29:34] [0m Update state (0x61) downloading, progress: 60.66 (6234575685 / 10277658898)
[17:29:36] [0m Update state (0x61) downloading, progress: 60.71 (6239818202 / 10277658898)
[17:29:38] [0m Update state (0x61) downloading, progress: 60.71 (6239818202 / 10277658898)
[17:29:40] [0m Update state (0x61) downloading, progress: 60.73 (6241930709 / 10277658898)
[17:29:42] [0m Update state (0x61) downloading, progress: 61.24 (6294371872 / 10277658898)
[17:29:44] [0m Update state (0x61) downloading, progress: 61.84 (6355376543 / 10277658898)
[17:29:46] [0m Update state (0x61) downloading, progress: 61.84 (6355376543 / 10277658898)
[17:29:48] [0m Update state (0x61) downloading, progress: 61.85 (6356425119 / 10277658898)
[17:29:50] [0m Update state (0x61) downloading, progress: 61.85 (6356425119 / 10277658898)
[17:29:52] [0m Update state (0x61) downloading, progress: 61.88 (6359570847 / 10277658898)
[17:29:54] [0m Update state (0x61) downloading, progress: 61.96 (6367959455 / 10277658898)
[17:29:56] [0m Update state (0x61) downloading, progress: 62.15 (6387882399 / 10277658898)
[17:29:58] [0m Update state (0x61) downloading, progress: 62.18 (6391028127 / 10277658898)
[17:30:00] [0m Update state (0x61) downloading, progress: 62.21 (6394173855 / 10277658898)
[17:30:02] [0m Update state (0x61) downloading, progress: 62.21 (6394173855 / 10277658898)
[17:30:04] [0m Update state (0x61) downloading, progress: 62.23 (6396271007 / 10277658898)
[17:30:06] [0m Update state (0x61) downloading, progress: 62.36 (6408783946 / 10277658898)
[17:30:08] [0m Update state (0x61) downloading, progress: 63.08 (6483205342 / 10277658898)
[17:30:10] [0m Update state (0x61) downloading, progress: 63.10 (6485302494 / 10277658898)
[17:30:12] [0m Update state (0x61) downloading, progress: 63.15 (6490542194 / 10277658898)
[17:30:14] [0m Update state (0x61) downloading, progress: 63.45 (6520939000 / 10277658898)
[17:30:16] [0m Update state (0x61) downloading, progress: 63.47 (6523592273 / 10277658898)
[17:30:18] [0m Update state (0x61) downloading, progress: 63.47 (6523592273 / 10277658898)
[17:30:20] [0m Update state (0x61) downloading, progress: 64.21 (6599632228 / 10277658898)
[17:30:22] [0m Update state (0x61) downloading, progress: 64.21 (6599632228 / 10277658898)
[17:30:24] [0m Update state (0x61) downloading, progress: 64.21 (6599632228 / 10277658898)
[17:30:26] [0m Update state (0x61) downloading, progress: 64.23 (6601729380 / 10277658898)
[17:30:28] [0m Update state (0x61) downloading, progress: 64.23 (6601729380 / 10277658898)
[17:30:30] [0m Update state (0x61) downloading, progress: 64.23 (6601729380 / 10277658898)
[17:30:32] [0m Update state (0x61) downloading, progress: 64.60 (6639761132 / 10277658898)
[17:30:34] [0m Update state (0x61) downloading, progress: 65.19 (6699628395 / 10277658898)
[17:30:36] [0m Update state (0x61) downloading, progress: 65.78 (6760502916 / 10277658898)
[17:30:38] [0m Update state (0x61) downloading, progress: 65.78 (6760502916 / 10277658898)
[17:30:41] [0m Update state (0x61) downloading, progress: 65.78 (6760502916 / 10277658898)
[17:30:43] [0m Update state (0x61) downloading, progress: 65.78 (6760502916 / 10277658898)
[17:30:45] [0m Update state (0x61) downloading, progress: 65.79 (6761551492 / 10277658898)
[17:30:47] [0m Update state (0x61) downloading, progress: 66.16 (6799299022 / 10277658898)
[17:30:49] [0m Update state (0x61) downloading, progress: 66.29 (6812930510 / 10277658898)
[17:30:51] [0m Update state (0x61) downloading, progress: 66.31 (6815027784 / 10277658898)
[17:30:53] [0m Update state (0x61) downloading, progress: 66.33 (6817124936 / 10277658898)
[17:30:55] [0m Update state (0x61) downloading, progress: 66.33 (6817124936 / 10277658898)
[17:30:57] [0m Update state (0x61) downloading, progress: 67.35 (6922168991 / 10277658898)
[17:30:59] [0m Update state (0x61) downloading, progress: 67.35 (6922168991 / 10277658898)
[17:31:01] [0m Update state (0x61) downloading, progress: 67.35 (6922168991 / 10277658898)
[17:31:03] [0m Update state (0x61) downloading, progress: 67.35 (6922168991 / 10277658898)
[17:31:05] [0m Update state (0x61) downloading, progress: 67.35 (6922168991 / 10277658898)
[17:31:07] [0m Update state (0x61) downloading, progress: 67.37 (6924266143 / 10277658898)
[17:31:09] [0m Update state (0x61) downloading, progress: 67.91 (6979842762 / 10277658898)
[17:31:11] [0m Update state (0x61) downloading, progress: 67.97 (6986012298 / 10277658898)
[17:31:13] [0m Update state (0x61) downloading, progress: 67.97 (6986012298 / 10277658898)
[17:31:15] [0m Update state (0x61) downloading, progress: 68.87 (7078272363 / 10277658898)
[17:31:17] [0m Update state (0x61) downloading, progress: 68.87 (7078272363 / 10277658898)
[17:31:19] [0m Update state (0x61) downloading, progress: 68.87 (7078272363 / 10277658898)
[17:31:21] [0m Update state (0x61) downloading, progress: 69.33 (7125198006 / 10277658898)
[17:31:23] [0m Update state (0x61) downloading, progress: 69.35 (7127295158 / 10277658898)
[17:31:25] [0m Update state (0x61) downloading, progress: 69.35 (7127295158 / 10277658898)
[17:31:27] [0m Update state (0x61) downloading, progress: 69.44 (7136727366 / 10277658898)
[17:31:29] [0m Update state (0x61) downloading, progress: 69.44 (7136727366 / 10277658898)
[17:31:31] [0m Update state (0x61) downloading, progress: 69.70 (7163361690 / 10277658898)
[17:31:33] [0m Update state (0x61) downloading, progress: 70.60 (7256354255 / 10277658898)
[17:31:35] [0m Update state (0x61) downloading, progress: 70.60 (7256354255 / 10277658898)
[17:31:37] [0m Update state (0x61) downloading, progress: 70.62 (7258451407 / 10277658898)
[17:31:39] [0m Update state (0x61) downloading, progress: 70.92 (7288860111 / 10277658898)
[17:31:41] [0m Update state (0x61) downloading, progress: 71.04 (7301443023 / 10277658898)
[17:31:43] [0m Update state (0x61) downloading, progress: 71.04 (7301443023 / 10277658898)
[17:31:45] [0m Update state (0x61) downloading, progress: 71.04 (7301443023 / 10277658898)
[17:31:47] [0m Update state (0x61) downloading, progress: 71.04 (7301443023 / 10277658898)
[17:31:49] [0m Update state (0x61) downloading, progress: 71.04 (7301443023 / 10277658898)
[17:31:51] [0m Update state (0x61) downloading, progress: 71.67 (7366416685 / 10277658898)
[17:31:53] [0m Update state (0x61) downloading, progress: 72.03 (7403116845 / 10277658898)
[17:31:55] [0m Update state (0x61) downloading, progress: 72.03 (7403116845 / 10277658898)
[17:31:57] [0m Update state (0x61) downloading, progress: 72.28 (7428282669 / 10277658898)
[17:31:59] [0m Update state (0x61) downloading, progress: 72.48 (7449243196 / 10277658898)
[17:32:01] [0m Update state (0x61) downloading, progress: 72.48 (7449243196 / 10277658898)
[17:32:03] [0m Update state (0x61) downloading, progress: 72.48 (7449243196 / 10277658898)
[17:32:05] [0m Update state (0x61) downloading, progress: 72.48 (7449243196 / 10277658898)
[17:32:07] [0m Update state (0x61) downloading, progress: 72.49 (7450291772 / 10277658898)
[17:32:09] [0m Update state (0x61) downloading, progress: 72.71 (7473357641 / 10277658898)
[17:32:11] [0m Update state (0x61) downloading, progress: 73.46 (7549908607 / 10277658898)
[17:32:13] [0m Update state (0x61) downloading, progress: 73.56 (7560392796 / 10277658898)
[17:32:15] [0m Update state (0x61) downloading, progress: 73.56 (7560392796 / 10277658898)
[17:32:17] [0m Update state (0x61) downloading, progress: 73.58 (7562489948 / 10277658898)
[17:32:19] [0m Update state (0x61) downloading, progress: 73.99 (7603935529 / 10277658898)
[17:32:21] [0m Update state (0x61) downloading, progress: 73.99 (7603935529 / 10277658898)
[17:32:23] [0m Update state (0x61) downloading, progress: 74.01 (7606032681 / 10277658898)
[17:32:25] [0m Update state (0x61) downloading, progress: 75.08 (7716695778 / 10277658898)
[17:32:27] [0m Update state (0x61) downloading, progress: 75.29 (7737794371 / 10277658898)
[17:32:30] [0m Update state (0x61) downloading, progress: 75.29 (7737794371 / 10277658898)
[17:32:32] [0m Update state (0x61) downloading, progress: 75.29 (7737794371 / 10277658898)
[17:32:34] [0m Update state (0x61) downloading, progress: 75.29 (7737794371 / 10277658898)
[17:32:36] [0m Update state (0x61) downloading, progress: 75.35 (7744089097 / 10277658898)
[17:32:38] [0m Update state (0x61) downloading, progress: 75.36 (7745137673 / 10277658898)
[17:32:40] [0m Update state (0x61) downloading, progress: 75.36 (7745137673 / 10277658898)
[17:32:42] [0m Update state (0x61) downloading, progress: 75.88 (7798605155 / 10277658898)
[17:32:44] [0m Update state (0x61) downloading, progress: 76.63 (7876149615 / 10277658898)
[17:32:46] [0m Update state (0x61) downloading, progress: 77.04 (7917803380 / 10277658898)
[17:32:48] [0m Update state (0x61) downloading, progress: 77.05 (7918851956 / 10277658898)
[17:32:50] [0m Update state (0x61) downloading, progress: 77.11 (7925182417 / 10277658898)
[17:32:52] [0m Update state (0x61) downloading, progress: 77.11 (7925182417 / 10277658898)
[17:32:54] [0m Update state (0x61) downloading, progress: 77.11 (7925182417 / 10277658898)
[17:32:56] [0m Update state (0x61) downloading, progress: 77.38 (7952445161 / 10277658898)
[17:32:58] [0m Update state (0x61) downloading, progress: 77.65 (7981092993 / 10277658898)
[17:33:00] [0m Update state (0x61) downloading, progress: 77.65 (7981092993 / 10277658898)
[17:33:02] [0m Update state (0x61) downloading, progress: 77.76 (7991576752 / 10277658898)
[17:33:04] [0m Update state (0x61) downloading, progress: 77.76 (7991576752 / 10277658898)
[17:33:06] [0m Update state (0x61) downloading, progress: 79.10 (8129731338 / 10277658898)
[17:33:08] [0m Update state (0x61) downloading, progress: 79.11 (8130779910 / 10277658898)
[17:33:10] [0m Update state (0x61) downloading, progress: 79.11 (8130779910 / 10277658898)
[17:33:12] [0m Update state (0x61) downloading, progress: 79.11 (8130779910 / 10277658898)
[17:33:14] [0m Update state (0x61) downloading, progress: 79.23 (8142581034 / 10277658898)
[17:33:16] [0m Update state (0x61) downloading, progress: 79.60 (8181353005 / 10277658898)
[17:33:18] [0m Update state (0x61) downloading, progress: 79.60 (8181353005 / 10277658898)
[17:33:20] [0m Update state (0x61) downloading, progress: 79.60 (8181353005 / 10277658898)
[17:33:22] [0m Update state (0x61) downloading, progress: 79.60 (8181353005 / 10277658898)
[17:33:24] [0m Update state (0x61) downloading, progress: 79.65 (8186220114 / 10277658898)
[17:33:26] [0m Update state (0x61) downloading, progress: 79.76 (8197754450 / 10277658898)
[17:33:28] [0m Update state (0x61) downloading, progress: 80.79 (8303572328 / 10277658898)
[17:33:30] [0m Update state (0x61) downloading, progress: 80.83 (8307763679 / 10277658898)
[17:33:32] [0m Update state (0x61) downloading, progress: 80.83 (8307763679 / 10277658898)
[17:33:34] [0m Update state (0x61) downloading, progress: 80.85 (8309848119 / 10277658898)
[17:33:36] [0m Update state (0x61) downloading, progress: 81.25 (8350295299 / 10277658898)
[17:33:38] [0m Update state (0x61) downloading, progress: 81.25 (8350295299 / 10277658898)
[17:33:40] [0m Update state (0x61) downloading, progress: 81.30 (8355538143 / 10277658898)
[17:33:42] [0m Update state (0x61) downloading, progress: 82.27 (8455390100 / 10277658898)
[17:33:44] [0m Update state (0x61) downloading, progress: 82.72 (8501527444 / 10277658898)
[17:33:46] [0m Update state (0x61) downloading, progress: 82.81 (8511214594 / 10277658898)
[17:33:48] [0m Update state (0x61) downloading, progress: 82.83 (8513311746 / 10277658898)
[17:33:50] [0m Update state (0x61) downloading, progress: 82.83 (8513311746 / 10277658898)
[17:33:52] [0m Update state (0x61) downloading, progress: 83.26 (8557338219 / 10277658898)
[17:33:54] [0m Update state (0x61) downloading, progress: 83.28 (8559435371 / 10277658898)
[17:33:56] [0m Update state (0x61) downloading, progress: 83.28 (8559435371 / 10277658898)
[17:33:58] [0m Update state (0x61) downloading, progress: 84.52 (8686483512 / 10277658898)
[17:34:00] [0m Update state (0x61) downloading, progress: 84.53 (8687532088 / 10277658898)
[17:34:02] [0m Update state (0x61) downloading, progress: 84.53 (8687532088 / 10277658898)
[17:34:04] [0m Update state (0x61) downloading, progress: 84.53 (8687532088 / 10277658898)
[17:34:06] [0m Update state (0x61) downloading, progress: 84.54 (8688580664 / 10277658898)
[17:34:08] [0m Update state (0x61) downloading, progress: 84.54 (8688580664 / 10277658898)
[17:34:11] [0m Update state (0x61) downloading, progress: 84.55 (8689629240 / 10277658898)
[17:34:13] [0m Update state (0x61) downloading, progress: 84.78 (8713749510 / 10277658898)
[17:34:15] [0m Update state (0x61) downloading, progress: 85.03 (8738915334 / 10277658898)
[17:34:17] [0m Update state (0x61) downloading, progress: 86.15 (8853981612 / 10277658898)
[17:34:19] [0m Update state (0x61) downloading, progress: 86.18 (8857260578 / 10277658898)
[17:34:21] [0m Update state (0x61) downloading, progress: 86.18 (8857260578 / 10277658898)
[17:34:23] [0m Update state (0x61) downloading, progress: 86.18 (8857260578 / 10277658898)
[17:34:25] [0m Update state (0x61) downloading, progress: 86.20 (8859357730 / 10277658898)
[17:34:27] [0m Update state (0x61) downloading, progress: 86.20 (8859357730 / 10277658898)
[17:34:29] [0m Update state (0x61) downloading, progress: 86.63 (8903420628 / 10277658898)
[17:34:31] [0m Update state (0x61) downloading, progress: 86.80 (8921253515 / 10277658898)
[17:34:33] [0m Update state (0x61) downloading, progress: 87.80 (9024022430 / 10277658898)
[17:34:35] [0m Update state (0x61) downloading, progress: 87.81 (9025071006 / 10277658898)
[17:34:37] [0m Update state (0x61) downloading, progress: 87.81 (9025071006 / 10277658898)
[17:34:39] [0m Update state (0x61) downloading, progress: 87.81 (9025071006 / 10277658898)
[17:34:41] [0m Update state (0x61) downloading, progress: 88.33 (9078532824 / 10277658898)
[17:34:43] [0m Update state (0x61) downloading, progress: 88.40 (9085872856 / 10277658898)
[17:34:45] [0m Update state (0x61) downloading, progress: 88.41 (9086921432 / 10277658898)
[17:34:47] [0m Update state (0x61) downloading, progress: 88.42 (9087970008 / 10277658898)
[17:34:49] [0m Update state (0x61) downloading, progress: 88.42 (9087970008 / 10277658898)
[17:34:51] [0m Update state (0x61) downloading, progress: 89.69 (9218056774 / 10277658898)
[17:34:53] [0m Update state (0x61) downloading, progress: 89.69 (9218056774 / 10277658898)
[17:34:55] [0m Update state (0x61) downloading, progress: 89.69 (9218056774 / 10277658898)
[17:34:57] [0m Update state (0x61) downloading, progress: 89.81 (9230639686 / 10277658898)
[17:34:59] [0m Update state (0x61) downloading, progress: 90.13 (9262779816 / 10277658898)
[17:35:01] [0m Update state (0x61) downloading, progress: 90.13 (9262779816 / 10277658898)
[17:35:03] [0m Update state (0x61) downloading, progress: 90.15 (9264876968 / 10277658898)
[17:35:05] [0m Update state (0x61) downloading, progress: 90.16 (9265925465 / 10277658898)
[17:35:07] [0m Update state (0x61) downloading, progress: 90.16 (9265925465 / 10277658898)
[17:35:09] [0m Update state (0x61) downloading, progress: 90.19 (9269071193 / 10277658898)
[17:35:11] [0m Update state (0x61) downloading, progress: 90.88 (9340344431 / 10277658898)
[17:35:13] [0m Update state (0x61) downloading, progress: 91.43 (9396366167 / 10277658898)
[17:35:15] [0m Update state (0x61) downloading, progress: 91.46 (9399511895 / 10277658898)
[17:35:17] [0m Update state (0x61) downloading, progress: 91.72 (9426774932 / 10277658898)
[17:35:19] [0m Update state (0x61) downloading, progress: 91.88 (9443545257 / 10277658898)
[17:35:21] [0m Update state (0x61) downloading, progress: 91.89 (9444579157 / 10277658898)
[17:35:23] [0m Update state (0x61) downloading, progress: 91.91 (9446676309 / 10277658898)
[17:35:25] [0m Update state (0x61) downloading, progress: 91.91 (9446676309 / 10277658898)
[17:35:27] [0m Update state (0x61) downloading, progress: 91.94 (9448773461 / 10277658898)
[17:35:29] [0m Update state (0x61) downloading, progress: 92.22 (9478130624 / 10277658898)
[17:35:31] [0m Update state (0x61) downloading, progress: 93.03 (9560956298 / 10277658898)
[17:35:33] [0m Update state (0x61) downloading, progress: 93.03 (9560956298 / 10277658898)
[17:35:35] [0m Update state (0x61) downloading, progress: 93.11 (9569344101 / 10277658898)
[17:35:37] [0m Update state (0x61) downloading, progress: 93.11 (9569344101 / 10277658898)
[17:35:39] [0m Update state (0x61) downloading, progress: 93.43 (9602802185 / 10277658898)
[17:35:41] [0m Update state (0x61) downloading, progress: 93.46 (9605947884 / 10277658898)
[17:35:43] [0m Update state (0x61) downloading, progress: 93.46 (9605947884 / 10277658898)
[17:35:45] [0m Update state (0x61) downloading, progress: 93.48 (9608045036 / 10277658898)
[17:35:47] [0m Update state (0x61) downloading, progress: 93.68 (9628385784 / 10277658898)
[17:35:49] [0m Update state (0x61) downloading, progress: 94.59 (9721707590 / 10277658898)
[17:35:52] [0m Update state (0x61) downloading, progress: 94.59 (9721707590 / 10277658898)
[17:35:54] [0m Update state (0x61) downloading, progress: 94.62 (9724855174 / 10277658898)
[17:35:56] [0m Update state (0x61) downloading, progress: 94.97 (9760507187 / 10277658898)
[17:35:58] [0m Update state (0x61) downloading, progress: 94.98 (9761555763 / 10277658898)
[17:36:00] [0m Update state (0x61) downloading, progress: 94.98 (9761555763 / 10277658898)
[17:36:02] [0m Update state (0x61) downloading, progress: 94.98 (9761555763 / 10277658898)
[17:36:04] [0m Update state (0x61) downloading, progress: 95.02 (9765750067 / 10277658898)
[17:36:06] [0m Update state (0x61) downloading, progress: 95.02 (9765750067 / 10277658898)
[17:36:08] [0m Update state (0x61) downloading, progress: 96.12 (9878666060 / 10277658898)
[17:36:10] [0m Update state (0x61) downloading, progress: 96.12 (9878666060 / 10277658898)
[17:36:12] [0m Update state (0x61) downloading, progress: 96.12 (9878666060 / 10277658898)
[17:36:14] [0m Update state (0x61) downloading, progress: 96.48 (9915381217 / 10277658898)
[17:36:16] [0m Update state (0x61) downloading, progress: 96.51 (9918526945 / 10277658898)
[17:36:18] [0m Update state (0x61) downloading, progress: 96.51 (9918526945 / 10277658898)
[17:36:20] [0m Update state (0x61) downloading, progress: 96.51 (9918526945 / 10277658898)
[17:36:22] [0m Update state (0x61) downloading, progress: 96.53 (9920624097 / 10277658898)
[17:36:24] [0m Update state (0x61) downloading, progress: 96.53 (9920624097 / 10277658898)
[17:36:26] [0m Update state (0x61) downloading, progress: 97.39 (10009561832 / 10277658898)
[17:36:28] [0m Update state (0x61) downloading, progress: 97.40 (10010610408 / 10277658898)
[17:36:30] [0m Update state (0x61) downloading, progress: 97.40 (10010610408 / 10277658898)
[17:36:32] [0m Update state (0x61) downloading, progress: 97.90 (10062229900 / 10277658898)
[17:36:34] [0m Update state (0x61) downloading, progress: 97.93 (10065375628 / 10277658898)
[17:36:36] [0m Update state (0x61) downloading, progress: 97.93 (10065375628 / 10277658898)
[17:36:38] [0m Update state (0x61) downloading, progress: 97.93 (10065375628 / 10277658898)
[17:36:40] [0m Update state (0x61) downloading, progress: 98.39 (10112398144 / 10277658898)
[17:36:42] [0m Update state (0x61) downloading, progress: 98.79 (10153292690 / 10277658898)
[17:36:44] [0m Update state (0x61) downloading, progress: 98.79 (10153292690 / 10277658898)
[17:36:46] [0m Update state (0x61) downloading, progress: 98.79 (10153292690 / 10277658898)
[17:36:48] [0m Update state (0x61) downloading, progress: 98.79 (10153292690 / 10277658898)
[17:36:50] [0m Update state (0x61) downloading, progress: 98.79 (10153292690 / 10277658898)
[17:36:52] [0m Update state (0x61) downloading, progress: 98.79 (10153292690 / 10277658898)
[17:36:54] [0m Update state (0x61) downloading, progress: 98.79 (10153292690 / 10277658898)
[17:36:56] [0m Update state (0x61) downloading, progress: 98.79 (10153292690 / 10277658898)
[17:36:58] [0m Update state (0x61) downloading, progress: 98.79 (10153292690 / 10277658898)
[17:37:00] [0m Update state (0x61) downloading, progress: 98.79 (10153292690 / 10277658898)
[17:37:02] [0m Update state (0x61) downloading, progress: 98.79 (10153292690 / 10277658898)
[17:37:04] [0m Update state (0x61) downloading, progress: 98.81 (10155389842 / 10277658898)
[17:37:06] [0m Update state (0x61) downloading, progress: 98.96 (10171118482 / 10277658898)
[17:37:08] [0m Update state (0x61) downloading, progress: 98.96 (10171118482 / 10277658898)
[17:37:10] [0m Update state (0x61) downloading, progress: 98.96 (10171118482 / 10277658898)
[17:37:12] [0m Update state (0x61) downloading, progress: 98.96 (10171118482 / 10277658898)
[17:37:14] [0m Update state (0x61) downloading, progress: 98.96 (10171118482 / 10277658898)
[17:37:16] [0m Update state (0x61) downloading, progress: 98.96 (10171118482 / 10277658898)
[17:37:18] [0m Update state (0x61) downloading, progress: 98.96 (10171118482 / 10277658898)
[17:37:20] [0m Update state (0x61) downloading, progress: 98.96 (10171118482 / 10277658898)
[17:37:22] [0m Update state (0x61) downloading, progress: 98.98 (10173215634 / 10277658898)
[17:37:24] [0m Update state (0x61) downloading, progress: 99.98 (10275561746 / 10277658898)
[17:37:26] [0m Update state (0x81) verifying update, progress: 2.44 (250468747 / 10277658898)
[17:37:28] [0m Update state (0x81) verifying update, progress: 8.62 (886247763 / 10277658898)
[17:37:30] [0m Update state (0x81) verifying update, progress: 14.01 (1439856134 / 10277658898)
[17:37:33] [0m Update state (0x81) verifying update, progress: 20.46 (2102556166 / 10277658898)
[17:37:35] [0m Update state (0x81) verifying update, progress: 27.42 (2818096319 / 10277658898)
[17:37:37] [0m Update state (0x81) verifying update, progress: 33.69 (3462506836 / 10277658898)
[17:37:39] [0m Update state (0x81) verifying update, progress: 38.09 (3914833225 / 10277658898)
[17:37:41] [0m Update state (0x81) verifying update, progress: 44.06 (4528441733 / 10277658898)
[17:37:43] [0m Update state (0x81) verifying update, progress: 50.51 (5191513151 / 10277658898)
[17:37:45] [0m Update state (0x81) verifying update, progress: 56.27 (5783091182 / 10277658898)
[17:37:47] [0m Update state (0x81) verifying update, progress: 63.57 (6533969203 / 10277658898)
[17:37:49] [0m Update state (0x81) verifying update, progress: 69.17 (7108741906 / 10277658898)
[17:37:51] [0m Update state (0x81) verifying update, progress: 75.37 (7746602856 / 10277658898)
[17:37:53] [0m Update state (0x81) verifying update, progress: 81.08 (8333591017 / 10277658898)
[17:37:55] [0m Update state (0x81) verifying update, progress: 87.67 (9010710432 / 10277658898)
[17:37:57] [0m Update state (0x81) verifying update, progress: 93.87 (9647268596 / 10277658898)
[17:37:59] [0m Update state (0x81) verifying update, progress: 99.23 (10198381458 / 10277658898)
[17:38:01] [0m Update state (0x0) unknown, progress: 0.00 (0 / 0)
[17:38:01] [0mSuccess! App '1874900' fully installed.
[17:38:01] [0mUnloading Steam API...[0mOK
[17:38:02] [0m


[17:49:11] steamcmd.sh[2241636]: Starting  /home/steam/steamcmd/linux32/steamcmd
[17:49:11] Redirecting stderr to '/root/Steam/logs/stderr.txt'
[17:49:11] Logging directory: '/root/Steam/logs'
[17:49:12] [  0%] Checking for available updates...
[17:49:15] [----] Verifying installation...
[17:49:15] UpdateUI: skip show logo
[17:49:15] Steam Console Client (c) Valve Corporation - version 1785799152
[17:49:15] -- type 'quit' to exit --
[17:49:15] Loading Steam API...[0mOK
[17:49:15] [0m"@NoPromptForPassword" = "1"
[17:49:15] [0m"@ShutdownOnFailedCommand" = "1"
[17:49:15] [0m[1mLogging in using username/password.
[17:49:15] [0m[1mSteam Guard code provided.
[17:49:35] [0mLogging in user 'madit79' [U:1:21256678] to Steam Public...[0mERROR (Two-factor code mismatch)
[17:49:37] [0mUnloading Steam API...[0mOK
[17:49:38] [0m


[17:50:13] steamcmd.sh[2241734]: Starting  /home/steam/steamcmd/linux32/steamcmd
[17:50:13] Redirecting stderr to '/root/Steam/logs/stderr.txt'
[17:50:13] Logging directory: '/root/Steam/logs'
[17:50:13] [  0%] Checking for available updates...
[17:50:17] [----] Verifying installation...
[17:50:17] UpdateUI: skip show logo
[17:50:17] Steam Console Client (c) Valve Corporation - version 1785799152
[17:50:17] -- type 'quit' to exit --
[17:50:17] Loading Steam API...[0mOK
[17:50:17] [0m"@NoPromptForPassword" = "1"
[17:50:17] [0m"@ShutdownOnFailedCommand" = "1"
[17:50:17] [0m[1mLogging in using username/password.
[17:50:17] [0m[1mSteam Guard code provided.
[17:50:28] [0mLogging in user 'madit79' [U:1:21256678] to Steam Public...[0mOK
[17:50:29] [0mWaiting for client config...[0mOK
[17:50:29] [0mWaiting for user info...[0mOK
[17:50:35] [0m Update state (0x5) verifying install, progress: 12.22 (1256143016 / 10278114191)
[17:50:37] [0m Update state (0x5) verifying install, progress: 24.97 (2566371854 / 10278114191)
[17:50:39] [0m Update state (0x5) verifying install, progress: 37.38 (3841633037 / 10278114191)
[17:50:41] [0m Update state (0x5) verifying install, progress: 49.18 (5055001481 / 10278114191)
[17:50:43] [0m Update state (0x5) verifying install, progress: 61.49 (6319846582 / 10278114191)
[17:50:45] [0m Update state (0x5) verifying install, progress: 72.99 (7501553420 / 10278114191)
[17:50:47] [0m Update state (0x5) verifying install, progress: 85.33 (8770445034 / 10278114191)
[17:50:49] [0m Update state (0x5) verifying install, progress: 96.93 (9962773632 / 10278114191)
[17:50:51] [0m Update state (0x0) unknown, progress: 0.00 (0 / 0)
[17:50:51] [0mSuccess! App '1874900' fully installed.
[17:50:51] [0mUnloading Steam API...[0mOK
[17:50:52] [0m


[17:54:27] steamcmd.sh[2241927]: Starting  /home/steam/steamcmd/linux32/steamcmd
[17:54:27] Redirecting stderr to '/root/Steam/logs/stderr.txt'
[17:54:27] Logging directory: '/root/Steam/logs'
[17:54:28] [  0%] Checking for available updates...
[17:54:31] [----] Verifying installation...
[17:54:32] UpdateUI: skip show logo
[17:54:32] Steam Console Client (c) Valve Corporation - version 1785799152
[17:54:32] -- type 'quit' to exit --
[17:54:32] Loading Steam API...[0mOK
[17:54:32] [0m"@NoPromptForPassword" = "1"
[17:54:32] [0m"@ShutdownOnFailedCommand" = "1"
[17:54:32] [0m[1mLogging in using username/password.
[17:54:32] [0m[1mSteam Guard code provided.
[17:54:39] [0mLogging in user 'madit79' [U:1:21256678] to Steam Public...[0mERROR (Two-factor code mismatch)
[17:54:44] [0mUnloading Steam API...[0mOK
[17:54:44] [0m


